Archive member included to satisfy reference by file (symbol)

../../libdaisy//build/libdaisy.a(daisy_patch.o)
                              build/TranceGate.o (daisy::DaisyPatch::StartAudio(void (*)(float const* const*, float**, unsigned int)))
../../libdaisy//build/libdaisy.a(daisy_seed.o)
                              ../../libdaisy//build/libdaisy.a(daisy_patch.o) (daisy::DaisySeed::Configure())
../../libdaisy//build/libdaisy.a(codec_ak4556.o)
                              ../../libdaisy//build/libdaisy.a(daisy_patch.o) (daisy::Ak4556::Init(dsy_gpio_pin))
../../libdaisy//build/libdaisy.a(sdram.o)
                              ../../libdaisy//build/libdaisy.a(daisy_seed.o) (dsy_sdram_init)
../../libdaisy//build/libdaisy.a(audio.o)
                              ../../libdaisy//build/libdaisy.a(daisy_seed.o) (daisy::AudioHandle::Init(daisy::AudioHandle::Config const&, daisy::SaiHandle))
../../libdaisy//build/libdaisy.a(ctrl.o)
                              ../../libdaisy//build/libdaisy.a(daisy_patch.o) (daisy::AnalogControl::Init(unsigned short*, float, bool, bool, float))
../../libdaisy//build/libdaisy.a(encoder.o)
                              ../../libdaisy//build/libdaisy.a(daisy_patch.o) (daisy::Encoder::Init(dsy_gpio_pin, dsy_gpio_pin, dsy_gpio_pin, float))
../../libdaisy//build/libdaisy.a(gatein.o)
                              ../../libdaisy//build/libdaisy.a(daisy_patch.o) (daisy::GateIn::Init(dsy_gpio_pin*))
../../libdaisy//build/libdaisy.a(switch.o)
                              ../../libdaisy//build/libdaisy.a(encoder.o) (daisy::Switch::Init(dsy_gpio_pin, float))
../../libdaisy//build/libdaisy.a(adc.o)
                              ../../libdaisy//build/libdaisy.a(daisy_patch.o) (daisy::AdcChannelConfig::InitSingle(dsy_gpio_pin))
../../libdaisy//build/libdaisy.a(dac.o)
                              ../../libdaisy//build/libdaisy.a(daisy_patch.o) (daisy::DacHandle::Init(daisy::DacHandle::Config const&))
../../libdaisy//build/libdaisy.a(gpio.o)
                              ../../libdaisy//build/libdaisy.a(daisy_patch.o) (dsy_gpio_init)
../../libdaisy//build/libdaisy.a(qspi.o)
                              ../../libdaisy//build/libdaisy.a(daisy_seed.o) (dsy_qspi_init)
../../libdaisy//build/libdaisy.a(sai.o)
                              ../../libdaisy//build/libdaisy.a(daisy_patch.o) (daisy::SaiHandle::Init(daisy::SaiHandle::Config const&))
../../libdaisy//build/libdaisy.a(spi.o)
                              ../../libdaisy//build/libdaisy.a(daisy_patch.o) (daisy::SpiHandle::Init(daisy::SpiHandle::Config const&))
../../libdaisy//build/libdaisy.a(uart.o)
                              ../../libdaisy//build/libdaisy.a(daisy_patch.o) (daisy::UartHandler::Init(daisy::UartHandler::Config const&))
../../libdaisy//build/libdaisy.a(system.o)
                              ../../libdaisy//build/libdaisy.a(daisy_patch.o) (daisy::System::GetNow())
../../libdaisy//build/libdaisy.a(system_stm32h7xx.o)
                              build/startup_stm32h750xx.o (SystemInit)
../../libdaisy//build/libdaisy.a(hal_map.o)
                              ../../libdaisy//build/libdaisy.a(sdram.o) (dsy_hal_map_get_port)
../../libdaisy//build/libdaisy.a(stm32h7xx_hal.o)
                              ../../libdaisy//build/libdaisy.a(system.o) (HAL_Init)
../../libdaisy//build/libdaisy.a(stm32h7xx_hal_adc.o)
                              ../../libdaisy//build/libdaisy.a(adc.o) (HAL_ADC_ConfigChannel)
../../libdaisy//build/libdaisy.a(stm32h7xx_hal_adc_ex.o)
                              ../../libdaisy//build/libdaisy.a(adc.o) (HAL_ADCEx_Calibration_Start)
../../libdaisy//build/libdaisy.a(stm32h7xx_hal_cortex.o)
                              ../../libdaisy//build/libdaisy.a(stm32h7xx_hal.o) (HAL_NVIC_SetPriorityGrouping)
../../libdaisy//build/libdaisy.a(stm32h7xx_hal_dac.o)
                              ../../libdaisy//build/libdaisy.a(dac.o) (HAL_DAC_Init)
../../libdaisy//build/libdaisy.a(stm32h7xx_hal_dac_ex.o)
                              ../../libdaisy//build/libdaisy.a(stm32h7xx_hal_dac.o) (HAL_DACEx_DMAUnderrunCallbackCh2)
../../libdaisy//build/libdaisy.a(stm32h7xx_hal_dma.o)
                              ../../libdaisy//build/libdaisy.a(adc.o) (HAL_DMA_Init)
../../libdaisy//build/libdaisy.a(stm32h7xx_hal_gpio.o)
                              ../../libdaisy//build/libdaisy.a(sdram.o) (HAL_GPIO_Init)
../../libdaisy//build/libdaisy.a(stm32h7xx_hal_pwr_ex.o)
                              ../../libdaisy//build/libdaisy.a(system.o) (HAL_PWREx_ConfigSupply)
../../libdaisy//build/libdaisy.a(stm32h7xx_hal_qspi.o)
                              ../../libdaisy//build/libdaisy.a(qspi.o) (HAL_QSPI_Init)
../../libdaisy//build/libdaisy.a(stm32h7xx_hal_rcc.o)
                              ../../libdaisy//build/libdaisy.a(system.o) (HAL_RCC_OscConfig)
../../libdaisy//build/libdaisy.a(stm32h7xx_hal_rcc_ex.o)
                              ../../libdaisy//build/libdaisy.a(system.o) (HAL_RCCEx_PeriphCLKConfig)
[...]
Memory Configuration

Name             Origin             Length             Attributes
FLASH            0x0000000008000000 0x0000000000020000 xr
DTCMRAM          0x0000000020000000 0x0000000000020000 xrw
SRAM             0x0000000024000000 0x0000000000080000 xrw
RAM_D2           0x0000000030000000 0x0000000000048000 xrw
RAM_D3           0x0000000038000000 0x0000000000010000 xrw
ITCMRAM          0x0000000000000000 0x0000000000010000 xrw
SDRAM            0x00000000c0000000 0x0000000004000000 xrw
QSPIFLASH        0x0000000090000000 0x0000000000800000 xr
*default*        0x0000000000000000 0xffffffffffffffff

Linker script and memory map

LOAD /usr/local/Cellar/arm-none-eabi-gcc/9-2019-q4-major/gcc/bin/../lib/gcc/arm-none-eabi/9.2.1/thumb/v7e-m+dp/hard/crti.o
LOAD /usr/local/Cellar/arm-none-eabi-gcc/9-2019-q4-major/gcc/bin/../lib/gcc/arm-none-eabi/9.2.1/thumb/v7e-m+dp/hard/crtbegin.o
LOAD /usr/local/Cellar/arm-none-eabi-gcc/9-2019-q4-major/gcc/bin/../lib/gcc/arm-none-eabi/9.2.1/../../../../arm-none-eabi/lib/thumb/v7e-m+dp/hard/crt0.o
LOAD build/startup_stm32h750xx.o
LOAD build/TranceGate.o
LOAD ../../libdaisy//build/libdaisy.a
LOAD /usr/local/Cellar/arm-none-eabi-gcc/9-2019-q4-major/gcc/bin/../lib/gcc/arm-none-eabi/9.2.1/../../../../arm-none-eabi/lib/thumb/v7e-m+dp/hard/libnosys.a
LOAD ../../daisysp//build/libdaisysp.a
LOAD /usr/local/Cellar/arm-none-eabi-gcc/9-2019-q4-major/gcc/bin/../lib/gcc/arm-none-eabi/9.2.1/../../../../arm-none-eabi/lib/thumb/v7e-m+dp/hard/libstdc++_nano.a
LOAD /usr/local/Cellar/arm-none-eabi-gcc/9-2019-q4-major/gcc/bin/../lib/gcc/arm-none-eabi/9.2.1/../../../../arm-none-eabi/lib/thumb/v7e-m+dp/hard/libm.a
LOAD /usr/local/Cellar/arm-none-eabi-gcc/9-2019-q4-major/gcc/bin/../lib/gcc/arm-none-eabi/9.2.1/../../../../arm-none-eabi/lib/thumb/v7e-m+dp/hard/libc_nano.a
START GROUP
LOAD /usr/local/Cellar/arm-none-eabi-gcc/9-2019-q4-major/gcc/bin/../lib/gcc/arm-none-eabi/9.2.1/thumb/v7e-m+dp/hard/libgcc.a
LOAD /usr/local/Cellar/arm-none-eabi-gcc/9-2019-q4-major/gcc/bin/../lib/gcc/arm-none-eabi/9.2.1/../../../../arm-none-eabi/lib/thumb/v7e-m+dp/hard/libc_nano.a
END GROUP
START GROUP
LOAD /usr/local/Cellar/arm-none-eabi-gcc/9-2019-q4-major/gcc/bin/../lib/gcc/arm-none-eabi/9.2.1/thumb/v7e-m+dp/hard/libgcc.a
LOAD /usr/local/Cellar/arm-none-eabi-gcc/9-2019-q4-major/gcc/bin/../lib/gcc/arm-none-eabi/9.2.1/../../../../arm-none-eabi/lib/thumb/v7e-m+dp/hard/libc_nano.a
LOAD /usr/local/Cellar/arm-none-eabi-gcc/9-2019-q4-major/gcc/bin/../lib/gcc/arm-none-eabi/9.2.1/../../../../arm-none-eabi/lib/thumb/v7e-m+dp/hard/libnosys.a
END GROUP
START GROUP
LOAD /usr/local/Cellar/arm-none-eabi-gcc/9-2019-q4-major/gcc/bin/../lib/gcc/arm-none-eabi/9.2.1/thumb/v7e-m+dp/hard/libgcc.a
LOAD /usr/local/Cellar/arm-none-eabi-gcc/9-2019-q4-major/gcc/bin/../lib/gcc/arm-none-eabi/9.2.1/../../../../arm-none-eabi/lib/thumb/v7e-m+dp/hard/libc_nano.a
LOAD /usr/local/Cellar/arm-none-eabi-gcc/9-2019-q4-major/gcc/bin/../lib/gcc/arm-none-eabi/9.2.1/../../../../arm-none-eabi/lib/thumb/v7e-m+dp/hard/libnosys.a
END GROUP
LOAD /usr/local/Cellar/arm-none-eabi-gcc/9-2019-q4-major/gcc/bin/../lib/gcc/arm-none-eabi/9.2.1/thumb/v7e-m+dp/hard/crtend.o
LOAD /usr/local/Cellar/arm-none-eabi-gcc/9-2019-q4-major/gcc/bin/../lib/gcc/arm-none-eabi/9.2.1/thumb/v7e-m+dp/hard/crtn.o
                0x0000000020020000                _estack = 0x20020000

.isr_vector     0x0000000008000000      0x298
                0x0000000008000000                . = ALIGN (0x4)
 *(.isr_vector)
 .isr_vector    0x0000000008000000      0x298 build/startup_stm32h750xx.o
                0x0000000008000000                g_pfnVectors
                0x0000000008000298                . = ALIGN (0x4)

.text           0x0000000008000298     0xda10
                0x0000000008000298                . = ALIGN (0x4)
                0x0000000008000298                _stext = .
 *(.text)
 .text          0x0000000008000298       0x40 /usr/local/Cellar/arm-none-eabi-gcc/9-2019-q4-major/gcc/bin/../lib/gcc/arm-none-eabi/9.2.1/thumb/v7e-m+dp/hard/crtbegin.o
 .text          0x00000000080002d8       0x10 /usr/local/Cellar/arm-none-eabi-gcc/9-2019-q4-major/gcc/bin/../lib/gcc/arm-none-eabi/9.2.1/../../../../arm-none-eabi/lib/thumb/v7e-m+dp/hard/libc_nano.a(lib_a-strlen.o)
                0x00000000080002d8                strlen
 .text          0x00000000080002e8       0x30 /usr/local/Cellar/arm-none-eabi-gcc/9-2019-q4-major/gcc/bin/../lib/gcc/arm-none-eabi/9.2.1/thumb/v7e-m+dp/hard/libgcc.a(_aeabi_uldivmod.o)
                0x00000000080002e8                __aeabi_uldivmod
 .text          0x0000000008000318      0x2c4 /usr/local/Cellar/arm-none-eabi-gcc/9-2019-q4-major/gcc/bin/../lib/gcc/arm-none-eabi/9.2.1/thumb/v7e-m+dp/hard/libgcc.a(_udivmoddi4.o)
                0x0000000008000318                __udivmoddi4
 .text          0x00000000080005dc        0x4 /usr/local/Cellar/arm-none-eabi-gcc/9-2019-q4-major/gcc/bin/../lib/gcc/arm-none-eabi/9.2.1/thumb/v7e-m+dp/hard/libgcc.a(_dvmd_tls.o)
                0x00000000080005dc                __aeabi_ldiv0
                0x00000000080005dc                __aeabi_idiv0
 *(.text*)
 .text.Default_Handler
                0x00000000080005e0        0x4 build/startup_stm32h750xx.o
                0x00000000080005e0                SAI1_IRQHandler
                0x00000000080005e0                HASH_RNG_IRQHandler
                0x00000000080005e0                EXTI2_IRQHandler
                0x00000000080005e0                TIM8_CC_IRQHandler
                0x00000000080005e0                HRTIM1_Master_IRQHandler
                0x00000000080005e0                DebugMon_Handler
                0x00000000080005e0                SPI4_IRQHandler
                0x00000000080005e0                TIM1_CC_IRQHandler
                0x00000000080005e0                BDMA_Channel6_IRQHandler
                0x00000000080005e0                DMA2_Stream5_IRQHandler
                0x00000000080005e0                HRTIM1_FLT_IRQHandler
                0x00000000080005e0                JPEG_IRQHandler
                0x00000000080005e0                BDMA_Channel1_IRQHandler
                0x00000000080005e0                HRTIM1_TIMD_IRQHandler
                0x00000000080005e0                TAMP_STAMP_IRQHandler
                0x00000000080005e0                PendSV_Handler
                0x00000000080005e0                NMI_Handler
                0x00000000080005e0                EXTI3_IRQHandler
                0x00000000080005e0                LPTIM4_IRQHandler
                0x00000000080005e0                TIM8_TRG_COM_TIM14_IRQHandler
                0x00000000080005e0                LPTIM2_IRQHandler
                0x00000000080005e0                DFSDM1_FLT1_IRQHandler
                0x00000000080005e0                DMAMUX2_OVR_IRQHandler
                0x00000000080005e0                TIM8_UP_TIM13_IRQHandler
                0x00000000080005e0                I2C3_ER_IRQHandler
                0x00000000080005e0                DFSDM1_FLT2_IRQHandler
                0x00000000080005e0                MDMA_IRQHandler
                0x00000000080005e0                LPTIM3_IRQHandler
                0x00000000080005e0                HSEM1_IRQHandler
                0x00000000080005e0                EXTI0_IRQHandler
                0x00000000080005e0                FPU_IRQHandler
                0x00000000080005e0                OTG_HS_WKUP_IRQHandler
                0x00000000080005e0                FDCAN1_IT1_IRQHandler
                0x00000000080005e0                UsageFault_Handler
                0x00000000080005e0                LTDC_ER_IRQHandler
                0x00000000080005e0                DMA2_Stream2_IRQHandler
                0x00000000080005e0                HRTIM1_TIME_IRQHandler
                0x00000000080005e0                SPI1_IRQHandler
                0x00000000080005e0                DCMI_IRQHandler
                0x00000000080005e0                HRTIM1_TIMC_IRQHandler
                0x00000000080005e0                DMA2_Stream3_IRQHandler
                0x00000000080005e0                SAI2_IRQHandler
                0x00000000080005e0                DFSDM1_FLT3_IRQHandler
                0x00000000080005e0                TIM17_IRQHandler
                0x00000000080005e0                CRYP_IRQHandler
                0x00000000080005e0                BDMA_Channel7_IRQHandler
                0x00000000080005e0                LPTIM5_IRQHandler
                0x00000000080005e0                ADC3_IRQHandler
                0x00000000080005e0                TIM4_IRQHandler
                0x00000000080005e0                BDMA_Channel2_IRQHandler
                0x00000000080005e0                DMAMUX1_OVR_IRQHandler
                0x00000000080005e0                TIM16_IRQHandler
                0x00000000080005e0                BDMA_Channel5_IRQHandler
                0x00000000080005e0                TIM3_IRQHandler
                0x00000000080005e0                RCC_IRQHandler
                0x00000000080005e0                TIM8_BRK_TIM12_IRQHandler
                0x00000000080005e0                TIM1_TRG_COM_IRQHandler
                0x00000000080005e0                Default_Handler
                0x00000000080005e0                ECC_IRQHandler
                0x00000000080005e0                CEC_IRQHandler
                0x00000000080005e0                EXTI15_10_IRQHandler
                0x00000000080005e0                BDMA_Channel0_IRQHandler
                0x00000000080005e0                ADC_IRQHandler
                0x00000000080005e0                DMA1_Stream7_IRQHandler
                0x00000000080005e0                HRTIM1_TIMA_IRQHandler
                0x00000000080005e0                SPI5_IRQHandler
                0x00000000080005e0                TIM7_IRQHandler
                0x00000000080005e0                SDMMC1_IRQHandler
                0x00000000080005e0                TIM5_IRQHandler
                0x00000000080005e0                DMA2_Stream7_IRQHandler
                0x00000000080005e0                TIM15_IRQHandler
                0x00000000080005e0                PVD_AVD_IRQHandler
                0x00000000080005e0                EXTI9_5_IRQHandler
                0x00000000080005e0                RTC_WKUP_IRQHandler
                0x00000000080005e0                LTDC_IRQHandler
                0x00000000080005e0                SAI3_IRQHandler
                0x00000000080005e0                ETH_WKUP_IRQHandler
                0x00000000080005e0                SPDIF_RX_IRQHandler
                0x00000000080005e0                SPI2_IRQHandler
                0x00000000080005e0                OTG_HS_EP1_IN_IRQHandler
                0x00000000080005e0                MemManage_Handler
                0x00000000080005e0                SVC_Handler
                0x00000000080005e0                CRS_IRQHandler
                0x00000000080005e0                EXTI4_IRQHandler
                0x00000000080005e0                HRTIM1_TIMB_IRQHandler
                0x00000000080005e0                FDCAN2_IT1_IRQHandler
                0x00000000080005e0                ETH_IRQHandler
                0x00000000080005e0                TIM1_UP_IRQHandler
                0x00000000080005e0                BDMA_Channel4_IRQHandler
                0x00000000080005e0                OTG_HS_EP1_OUT_IRQHandler
                0x00000000080005e0                WWDG_IRQHandler
                0x00000000080005e0                SPI6_IRQHandler
                0x00000000080005e0                I2C4_EV_IRQHandler
                0x00000000080005e0                MDIOS_IRQHandler
                0x00000000080005e0                FDCAN2_IT0_IRQHandler
                0x00000000080005e0                FDCAN1_IT0_IRQHandler
                0x00000000080005e0                TIM2_IRQHandler
                0x00000000080005e0                OTG_FS_WKUP_IRQHandler
                0x00000000080005e0                OTG_HS_IRQHandler
                0x00000000080005e0                DMA2D_IRQHandler
                0x00000000080005e0                TIM1_BRK_IRQHandler
                0x00000000080005e0                EXTI1_IRQHandler
                0x00000000080005e0                SDMMC2_IRQHandler
                0x00000000080005e0                OTG_FS_EP1_OUT_IRQHandler
                0x00000000080005e0                BDMA_Channel3_IRQHandler
                0x00000000080005e0                MDIOS_WKUP_IRQHandler
                0x00000000080005e0                DFSDM1_FLT0_IRQHandler
                0x00000000080005e0                SAI4_IRQHandler
                0x00000000080005e0                I2C2_ER_IRQHandler
                0x00000000080005e0                FLASH_IRQHandler
                0x00000000080005e0                DMA2_Stream4_IRQHandler
                0x00000000080005e0                BusFault_Handler
                0x00000000080005e0                OTG_FS_IRQHandler
                0x00000000080005e0                SPI3_IRQHandler
                0x00000000080005e0                WAKEUP_PIN_IRQHandler
                0x00000000080005e0                OTG_FS_EP1_IN_IRQHandler
                0x00000000080005e0                I2C1_ER_IRQHandler
                0x00000000080005e0                FMC_IRQHandler
                0x00000000080005e0                FDCAN_CAL_IRQHandler
                0x00000000080005e0                SWPMI1_IRQHandler
                0x00000000080005e0                COMP1_IRQHandler
                0x00000000080005e0                LPTIM1_IRQHandler
                0x00000000080005e0                I2C4_ER_IRQHandler
                0x00000000080005e0                DMA2_Stream6_IRQHandler
                0x00000000080005e0                RTC_Alarm_IRQHandler
 .text.Reset_Handler
                0x00000000080005e4       0x4c build/startup_stm32h750xx.o
                0x00000000080005e4                Reset_Handler
 .text._ZN5daisy10DaisyPatchD2Ev
                0x0000000008000630        0x4 build/TranceGate.o
                0x0000000008000630                daisy::DaisyPatch::~DaisyPatch()
                0x0000000008000630                daisy::DaisyPatch::~DaisyPatch()
 .text._ZN10TranceGate8EnvelopeD2Ev
                0x0000000008000634       0x10 build/TranceGate.o
                0x0000000008000634                TranceGate::Envelope::~Envelope()
                0x0000000008000634                TranceGate::Envelope::~Envelope()
 .text._Z14UpdateControlsv
                0x0000000008000644      0x124 build/TranceGate.o
                0x0000000008000644                UpdateControls()
 .text._Z13AudioCallbackPKPKfPPfj
                0x0000000008000768      0x1a8 build/TranceGate.o
                0x0000000008000768                AudioCallback(float const* const*, float**, unsigned int)
 .text.startup.main
                0x0000000008000910       0x44 build/TranceGate.o
                0x0000000008000910                main
 .text.startup._GLOBAL__sub_I_sampleRate
                0x0000000008000954       0xd0 build/TranceGate.o
 .text._ZN5daisy10DaisyPatch10StartAudioEPFvPKPKfPPfjE
                0x0000000008000a24        0x4 ../../libdaisy//build/libdaisy.a(daisy_patch.o)
                0x0000000008000a24                daisy::DaisyPatch::StartAudio(void (*)(float const* const*, float**, unsigned int))
 .text._ZN5daisy10DaisyPatch15AudioSampleRateEv
                0x0000000008000a28        0x4 ../../libdaisy//build/libdaisy.a(daisy_patch.o)
                0x0000000008000a28                daisy::DaisyPatch::AudioSampleRate()
 .text._ZN5daisy10DaisyPatch8StartAdcEv
                0x0000000008000a2c        0x8 ../../libdaisy//build/libdaisy.a(daisy_patch.o)
                0x0000000008000a2c                daisy::DaisyPatch::StartAdc()
 .text._ZN5daisy10DaisyPatch21ProcessAnalogControlsEv
                0x0000000008000a34       0x28 ../../libdaisy//build/libdaisy.a(daisy_patch.o)
                0x0000000008000a34                daisy::DaisyPatch::ProcessAnalogControls()
 .text._ZN5daisy10DaisyPatch12GetKnobValueENS0_4CtrlE
                0x0000000008000a5c        0xc ../../libdaisy//build/libdaisy.a(daisy_patch.o)
                0x0000000008000a5c                daisy::DaisyPatch::GetKnobValue(daisy::DaisyPatch::Ctrl)
 .text._ZN5daisy10DaisyPatch22ProcessDigitalControlsEv
                0x0000000008000a68        0x8 ../../libdaisy//build/libdaisy.a(daisy_patch.o)
                0x0000000008000a68                daisy::DaisyPatch::ProcessDigitalControls()
 .text._ZN5daisy10DaisyPatch9InitAudioEv
                0x0000000008000a70       0xd8 ../../libdaisy//build/libdaisy.a(daisy_patch.o)
                0x0000000008000a70                daisy::DaisyPatch::InitAudio()
 .text._ZN5daisy10DaisyPatch12InitControlsEv
                0x0000000008000b48       0xb0 ../../libdaisy//build/libdaisy.a(daisy_patch.o)
                0x0000000008000b48                daisy::DaisyPatch::InitControls()
 .text._ZN5daisy10DaisyPatch11InitDisplayEv
                0x0000000008000bf8      0x300 ../../libdaisy//build/libdaisy.a(daisy_patch.o)
                0x0000000008000bf8                daisy::DaisyPatch::InitDisplay()
 .text._ZN5daisy10DaisyPatch4InitEb
                0x0000000008000ef8      0x13c ../../libdaisy//build/libdaisy.a(daisy_patch.o)
                0x0000000008000ef8                daisy::DaisyPatch::Init(bool)
 .text._ZN5daisy9DaisySeed9ConfigureEv
                0x0000000008001034       0x40 ../../libdaisy//build/libdaisy.a(daisy_seed.o)
                0x0000000008001034                daisy::DaisySeed::Configure()
 .text._ZN5daisy9DaisySeed6GetPinEh
                0x0000000008001074       0x2c ../../libdaisy//build/libdaisy.a(daisy_seed.o)
                0x0000000008001074                daisy::DaisySeed::GetPin(unsigned char)
 .text._ZN5daisy9DaisySeed10StartAudioEPFvPKPKfPPfjE
                0x00000000080010a0        0x8 ../../libdaisy//build/libdaisy.a(daisy_seed.o)
                0x00000000080010a0                daisy::DaisySeed::StartAudio(void (*)(float const* const*, float**, unsigned int))
 .text._ZN5daisy9DaisySeed15AudioSampleRateEv
                0x00000000080010a8        0x8 ../../libdaisy//build/libdaisy.a(daisy_seed.o)
                0x00000000080010a8                daisy::DaisySeed::AudioSampleRate()
 .text._ZNK5daisy9DaisySeed17AudioCallbackRateEv
                0x00000000080010b0        0x8 ../../libdaisy//build/libdaisy.a(daisy_seed.o)
                0x00000000080010b0                daisy::DaisySeed::AudioCallbackRate() const
 .text._ZN5daisy9DaisySeed14ConfigureAudioEv
                0x00000000080010b8       0x70 ../../libdaisy//build/libdaisy.a(daisy_seed.o)
                0x00000000080010b8                daisy::DaisySeed::ConfigureAudio()
 .text._ZN5daisy9DaisySeed4InitEb
                0x0000000008001128       0x7c ../../libdaisy//build/libdaisy.a(daisy_seed.o)
                0x0000000008001128                daisy::DaisySeed::Init(bool)
 .text._ZN5daisy6Ak45564InitE12dsy_gpio_pin
                0x00000000080011a4       0x44 ../../libdaisy//build/libdaisy.a(codec_ak4556.o)
                0x00000000080011a4                daisy::Ak4556::Init(dsy_gpio_pin)
 .text.dsy_sdram_init
                0x00000000080011e8      0x120 ../../libdaisy//build/libdaisy.a(sdram.o)
                0x00000000080011e8                dsy_sdram_init
 .text.HAL_SDRAM_MspInit
                0x0000000008001308      0x1cc ../../libdaisy//build/libdaisy.a(sdram.o)
                0x0000000008001308                HAL_SDRAM_MspInit
 .text._ZN5daisy11AudioHandle4Impl16InternalCallbackEPlS2_j
                0x00000000080014d4      0xc14 ../../libdaisy//build/libdaisy.a(audio.o)
                0x00000000080014d4                daisy::AudioHandle::Impl::InternalCallback(long*, long*, unsigned int)
 .text._ZN5daisy11AudioHandle4InitERKNS0_6ConfigENS_9SaiHandleE
                0x00000000080020e8       0x68 ../../libdaisy//build/libdaisy.a(audio.o)
                0x00000000080020e8                daisy::AudioHandle::Init(daisy::AudioHandle::Config const&, daisy::SaiHandle)
 .text._ZN5daisy11AudioHandle4InitERKNS0_6ConfigENS_9SaiHandleES4_
                0x0000000008002150       0x80 ../../libdaisy//build/libdaisy.a(audio.o)
                0x0000000008002150                daisy::AudioHandle::Init(daisy::AudioHandle::Config const&, daisy::SaiHandle, daisy::SaiHandle)
 .text._ZNK5daisy11AudioHandle9GetConfigEv
                0x00000000080021d0        0x8 ../../libdaisy//build/libdaisy.a(audio.o)
                0x00000000080021d0                daisy::AudioHandle::GetConfig() const
 .text._ZN5daisy11AudioHandle13GetSampleRateEv
                0x00000000080021d8        0x8 ../../libdaisy//build/libdaisy.a(audio.o)
                0x00000000080021d8                daisy::AudioHandle::GetSampleRate()
 .text._ZN5daisy11AudioHandle5StartEPFvPKPKfPPfjE
                0x00000000080021e0       0x44 ../../libdaisy//build/libdaisy.a(audio.o)
                0x00000000080021e0                daisy::AudioHandle::Start(void (*)(float const* const*, float**, unsigned int))
 .text.startup._GLOBAL__sub_I__ZN5daisy11AudioHandle4Impl4InitENS0_6ConfigENS_9SaiHandleE
                0x0000000008002224       0x10 ../../libdaisy//build/libdaisy.a(audio.o)
 .text._ZN5daisy13AnalogControl4InitEPtfbbf
                0x0000000008002234       0x3c ../../libdaisy//build/libdaisy.a(ctrl.o)
                0x0000000008002234                daisy::AnalogControl::Init(unsigned short*, float, bool, bool, float)
 .text._ZN5daisy13AnalogControl7ProcessEv
                0x0000000008002270       0x48 ../../libdaisy//build/libdaisy.a(ctrl.o)
                0x0000000008002270                daisy::AnalogControl::Process()
 .text._ZN5daisy7Encoder4InitE12dsy_gpio_pinS1_S1_f
                0x00000000080022b8       0x4c ../../libdaisy//build/libdaisy.a(encoder.o)
                0x00000000080022b8                daisy::Encoder::Init(dsy_gpio_pin, dsy_gpio_pin, dsy_gpio_pin, float)
 .text._ZN5daisy7Encoder8DebounceEv
                0x0000000008002304       0x60 ../../libdaisy//build/libdaisy.a(encoder.o)
                0x0000000008002304                daisy::Encoder::Debounce()
 .text._ZN5daisy6GateIn4InitEP12dsy_gpio_pin
                0x0000000008002364       0x10 ../../libdaisy//build/libdaisy.a(gatein.o)
                0x0000000008002364                daisy::GateIn::Init(dsy_gpio_pin*)
 .text._ZN5daisy6GateIn4TrigEv
                0x0000000008002374       0x28 ../../libdaisy//build/libdaisy.a(gatein.o)
                0x0000000008002374                daisy::GateIn::Trig()
 .text._ZN5daisy6Switch4InitE12dsy_gpio_pinf
                0x000000000800239c       0x38 ../../libdaisy//build/libdaisy.a(switch.o)
                0x000000000800239c                daisy::Switch::Init(dsy_gpio_pin, float)
 .text._ZN5daisy6Switch8DebounceEv
                0x00000000080023d4       0x4c ../../libdaisy//build/libdaisy.a(switch.o)
                0x00000000080023d4                daisy::Switch::Debounce()
 .text._ZN5daisy16AdcChannelConfig10InitSingleE12dsy_gpio_pin
                0x0000000008002420       0x1c ../../libdaisy//build/libdaisy.a(adc.o)
                0x0000000008002420                daisy::AdcChannelConfig::InitSingle(dsy_gpio_pin)
 .text._ZN5daisy9AdcHandle4InitEPNS_16AdcChannelConfigEjNS0_12OverSamplingE
                0x000000000800243c      0x744 ../../libdaisy//build/libdaisy.a(adc.o)
                0x000000000800243c                daisy::AdcHandle::Init(daisy::AdcChannelConfig*, unsigned int, daisy::AdcHandle::OverSampling)
 .text._ZN5daisy9AdcHandle5StartEv
                0x0000000008002b80       0x2c ../../libdaisy//build/libdaisy.a(adc.o)
                0x0000000008002b80                daisy::AdcHandle::Start()
 .text._ZNK5daisy9AdcHandle6GetPtrEh
                0x0000000008002bac       0x14 ../../libdaisy//build/libdaisy.a(adc.o)
                0x0000000008002bac                daisy::AdcHandle::GetPtr(unsigned char) const
 .text.HAL_ADC_MspInit
                0x0000000008002bc0       0x9c ../../libdaisy//build/libdaisy.a(adc.o)
                0x0000000008002bc0                HAL_ADC_MspInit
 .text.DMA1_Stream2_IRQHandler
                0x0000000008002c5c        0xc ../../libdaisy//build/libdaisy.a(adc.o)
                0x0000000008002c5c                DMA1_Stream2_IRQHandler
 .text.HAL_ADC_ConvCpltCallback
                0x0000000008002c68      0x14c ../../libdaisy//build/libdaisy.a(adc.o)
                0x0000000008002c68                HAL_ADC_ConvCpltCallback
 .text.HAL_ADC_ErrorCallback
                0x0000000008002db4        0x4 ../../libdaisy//build/libdaisy.a(adc.o)
                0x0000000008002db4                HAL_ADC_ErrorCallback
 .text.HAL_DAC_MspInit
                0x0000000008002db8      0x160 ../../libdaisy//build/libdaisy.a(dac.o)
                0x0000000008002db8                HAL_DAC_MspInit
 .text.DMA2_Stream0_IRQHandler
                0x0000000008002f18        0xc ../../libdaisy//build/libdaisy.a(dac.o)
                0x0000000008002f18                DMA2_Stream0_IRQHandler
 .text.DMA2_Stream1_IRQHandler
                0x0000000008002f24        0xc ../../libdaisy//build/libdaisy.a(dac.o)
                0x0000000008002f24                DMA2_Stream1_IRQHandler
 .text.TIM6_DAC_IRQHandler
                0x0000000008002f30       0x1c ../../libdaisy//build/libdaisy.a(dac.o)
                0x0000000008002f30                TIM6_DAC_IRQHandler
 .text._ZN5daisy9DacHandle4InitERKNS0_6ConfigE
                0x0000000008002f4c       0xf8 ../../libdaisy//build/libdaisy.a(dac.o)
                0x0000000008002f4c                daisy::DacHandle::Init(daisy::DacHandle::Config const&)
 .text._ZN5daisy9DacHandle10WriteValueENS0_7ChannelEt
                0x0000000008003044       0x70 ../../libdaisy//build/libdaisy.a(dac.o)
                0x0000000008003044                daisy::DacHandle::WriteValue(daisy::DacHandle::Channel, unsigned short)
 .text.dsy_gpio_init
                0x00000000080030b4      0x1b8 ../../libdaisy//build/libdaisy.a(gpio.o)
                0x00000000080030b4                dsy_gpio_init
 .text.dsy_gpio_read
                0x000000000800326c       0x1c ../../libdaisy//build/libdaisy.a(gpio.o)
                0x000000000800326c                dsy_gpio_read
 .text.dsy_gpio_write
                0x0000000008003288       0x24 ../../libdaisy//build/libdaisy.a(gpio.o)
                0x0000000008003288                dsy_gpio_write
 .text.dsy_qspi_init
                0x00000000080032ac      0x390 ../../libdaisy//build/libdaisy.a(qspi.o)
                0x00000000080032ac                dsy_qspi_init
 .text.HAL_QSPI_MspInit
                0x000000000800363c      0x10c ../../libdaisy//build/libdaisy.a(qspi.o)
                0x000000000800363c                HAL_QSPI_MspInit
 .text.HAL_QSPI_MspDeInit
                0x0000000008003748       0x58 ../../libdaisy//build/libdaisy.a(qspi.o)
                0x0000000008003748                HAL_QSPI_MspDeInit
 .text.QUADSPI_IRQHandler
                0x00000000080037a0        0xc ../../libdaisy//build/libdaisy.a(qspi.o)
                0x00000000080037a0                QUADSPI_IRQHandler
 .text._ZN5daisy9SaiHandle4Impl7InitDmaENS1_15PeripheralBlockE
                0x00000000080037ac       0xa0 ../../libdaisy//build/libdaisy.a(sai.o)
                0x00000000080037ac                daisy::SaiHandle::Impl::InitDma(daisy::SaiHandle::Impl::PeripheralBlock)
 .text._ZN5daisy9SaiHandle4Impl8InitPinsEv
                0x000000000800384c       0xa8 ../../libdaisy//build/libdaisy.a(sai.o)
                0x000000000800384c                daisy::SaiHandle::Impl::InitPins()
 .text.HAL_SAI_MspInit
                0x00000000080038f4      0x164 ../../libdaisy//build/libdaisy.a(sai.o)
                0x00000000080038f4                HAL_SAI_MspInit
 .text.DMA1_Stream0_IRQHandler
                0x0000000008003a58        0xc ../../libdaisy//build/libdaisy.a(sai.o)
                0x0000000008003a58                DMA1_Stream0_IRQHandler
 .text.DMA1_Stream1_IRQHandler
                0x0000000008003a64        0xc ../../libdaisy//build/libdaisy.a(sai.o)
                0x0000000008003a64                DMA1_Stream1_IRQHandler
 .text.DMA1_Stream3_IRQHandler
                0x0000000008003a70        0xc ../../libdaisy//build/libdaisy.a(sai.o)
                0x0000000008003a70                DMA1_Stream3_IRQHandler
 .text.DMA1_Stream4_IRQHandler
                0x0000000008003a7c        0xc ../../libdaisy//build/libdaisy.a(sai.o)
                0x0000000008003a7c                DMA1_Stream4_IRQHandler
 .text.HAL_SAI_RxHalfCpltCallback
                0x0000000008003a88       0x78 ../../libdaisy//build/libdaisy.a(sai.o)
                0x0000000008003a88                HAL_SAI_RxHalfCpltCallback
 .text.HAL_SAI_RxCpltCallback
                0x0000000008003b00       0x70 ../../libdaisy//build/libdaisy.a(sai.o)
                0x0000000008003b00                HAL_SAI_RxCpltCallback
 .text._ZN5daisy9SaiHandle4InitERKNS0_6ConfigE
                0x0000000008003b70      0x1e0 ../../libdaisy//build/libdaisy.a(sai.o)
                0x0000000008003b70                daisy::SaiHandle::Init(daisy::SaiHandle::Config const&)
 .text._ZNK5daisy9SaiHandle9GetConfigEv
                0x0000000008003d50        0x4 ../../libdaisy//build/libdaisy.a(sai.o)
                0x0000000008003d50                daisy::SaiHandle::GetConfig() const
 .text._ZN5daisy9SaiHandle8StartDmaEPlS1_jPFvS1_S1_jE
                0x0000000008003d54       0x68 ../../libdaisy//build/libdaisy.a(sai.o)
                0x0000000008003d54                daisy::SaiHandle::StartDma(long*, long*, unsigned int, void (*)(long*, long*, unsigned int))
 .text._ZN5daisy9SaiHandle13GetSampleRateEv
                0x0000000008003dbc       0x24 ../../libdaisy//build/libdaisy.a(sai.o)
                0x0000000008003dbc                daisy::SaiHandle::GetSampleRate()
 .text._ZNK5daisy9SaiHandle9GetOffsetEv
                0x0000000008003de0        0x8 ../../libdaisy//build/libdaisy.a(sai.o)
                0x0000000008003de0                daisy::SaiHandle::GetOffset() const
 .text._ZN5daisy9SpiHandle4Impl8InitPinsEv
                0x0000000008003de8      0x260 ../../libdaisy//build/libdaisy.a(spi.o)
                0x0000000008003de8                daisy::SpiHandle::Impl::InitPins()
 .text.HAL_SPI_MspInit
                0x0000000008004048      0x154 ../../libdaisy//build/libdaisy.a(spi.o)
                0x0000000008004048                HAL_SPI_MspInit
 .text._ZN5daisy9SpiHandle4InitERKNS0_6ConfigE
                0x000000000800419c      0x108 ../../libdaisy//build/libdaisy.a(spi.o)
                0x000000000800419c                daisy::SpiHandle::Init(daisy::SpiHandle::Config const&)
 .text._ZN5daisy9SpiHandle16BlockingTransmitEPhjm
                0x00000000080042a4       0x14 ../../libdaisy//build/libdaisy.a(spi.o)
                0x00000000080042a4                daisy::SpiHandle::BlockingTransmit(unsigned char*, unsigned int, unsigned long)
 .text.startup._GLOBAL__sub_I__Z19MapInstanceToHandleP11SPI_TypeDef
                0x00000000080042b8      0x168 ../../libdaisy//build/libdaisy.a(spi.o)
 .text._ZN5daisy11UartHandler4Impl8InitPinsEv
                0x0000000008004420      0x158 ../../libdaisy//build/libdaisy.a(uart.o)
                0x0000000008004420                daisy::UartHandler::Impl::InitPins()
 .text._ZN5daisy11UartHandler4Impl14UARTRxCompleteEv
                0x0000000008004578      0x100 ../../libdaisy//build/libdaisy.a(uart.o)
                0x0000000008004578                daisy::UartHandler::Impl::UARTRxComplete()
 .text.HAL_UART_ErrorCallback
                0x0000000008004678       0x9c ../../libdaisy//build/libdaisy.a(uart.o)
                0x0000000008004678                HAL_UART_ErrorCallback
 .text.HAL_UART_MspInit
                0x0000000008004714      0x298 ../../libdaisy//build/libdaisy.a(uart.o)
                0x0000000008004714                HAL_UART_MspInit
 .text.USART1_IRQHandler
                0x00000000080049ac       0xac ../../libdaisy//build/libdaisy.a(uart.o)
                0x00000000080049ac                USART1_IRQHandler
 .text.USART2_IRQHandler
                0x0000000008004a58       0xb0 ../../libdaisy//build/libdaisy.a(uart.o)
                0x0000000008004a58                USART2_IRQHandler
 .text.USART3_IRQHandler
                0x0000000008004b08       0xb0 ../../libdaisy//build/libdaisy.a(uart.o)
                0x0000000008004b08                USART3_IRQHandler
 .text.UART4_IRQHandler
                0x0000000008004bb8       0xb0 ../../libdaisy//build/libdaisy.a(uart.o)
                0x0000000008004bb8                UART4_IRQHandler
 .text.UART5_IRQHandler
                0x0000000008004c68       0xb0 ../../libdaisy//build/libdaisy.a(uart.o)
                0x0000000008004c68                UART5_IRQHandler
 .text.USART6_IRQHandler
                0x0000000008004d18       0xb0 ../../libdaisy//build/libdaisy.a(uart.o)
                0x0000000008004d18                USART6_IRQHandler
 .text.UART7_IRQHandler
                0x0000000008004dc8       0xb0 ../../libdaisy//build/libdaisy.a(uart.o)
                0x0000000008004dc8                UART7_IRQHandler
 .text.UART8_IRQHandler
                0x0000000008004e78       0xb0 ../../libdaisy//build/libdaisy.a(uart.o)
                0x0000000008004e78                UART8_IRQHandler
 .text.LPUART1_IRQHandler
                0x0000000008004f28       0xb0 ../../libdaisy//build/libdaisy.a(uart.o)
                0x0000000008004f28                LPUART1_IRQHandler
 .text.DMA1_Stream5_IRQHandler
                0x0000000008004fd8        0xc ../../libdaisy//build/libdaisy.a(uart.o)
                0x0000000008004fd8                DMA1_Stream5_IRQHandler
 .text._ZN5daisy11UartHandler4InitERKNS0_6ConfigE
                0x0000000008004fe4      0x10c ../../libdaisy//build/libdaisy.a(uart.o)
                0x0000000008004fe4                daisy::UartHandler::Init(daisy::UartHandler::Config const&)
 .text.startup._GLOBAL__sub_I__Z19MapInstanceToHandleP13USART_TypeDef
                0x00000000080050f0      0x120 ../../libdaisy//build/libdaisy.a(uart.o)
 .text._ZN5daisy11TimerHandleD2Ev
                0x0000000008005210        0x4 ../../libdaisy//build/libdaisy.a(system.o)
                0x0000000008005210                daisy::TimerHandle::~TimerHandle()
                0x0000000008005210                daisy::TimerHandle::~TimerHandle()
 .text.SysTick_Handler
                0x0000000008005214       0x10 ../../libdaisy//build/libdaisy.a(system.o)
                0x0000000008005214                SysTick_Handler
 .text.HardFault_Handler
                0x0000000008005224        0x4 ../../libdaisy//build/libdaisy.a(system.o)
                0x0000000008005224                HardFault_Handler
 .text._ZN5daisy6System6GetNowEv
                0x0000000008005228        0x4 ../../libdaisy//build/libdaisy.a(system.o)
                0x0000000008005228                daisy::System::GetNow()
 .text._ZN5daisy6System5DelayEm
                0x000000000800522c        0x4 ../../libdaisy//build/libdaisy.a(system.o)
                0x000000000800522c                daisy::System::Delay(unsigned long)
 .text._ZN5daisy6System15ConfigureClocksEv
                0x0000000008005230      0x1c4 ../../libdaisy//build/libdaisy.a(system.o)
                0x0000000008005230                daisy::System::ConfigureClocks()
 .text._ZN5daisy6System4InitERKNS0_6ConfigE
                0x00000000080053f4      0x114 ../../libdaisy//build/libdaisy.a(system.o)
                0x00000000080053f4                daisy::System::Init(daisy::System::Config const&)
 .text._ZN5daisy6System12GetPClk2FreqEv
                0x0000000008005508        0x4 ../../libdaisy//build/libdaisy.a(system.o)
                0x0000000008005508                daisy::System::GetPClk2Freq()
 .text.startup._GLOBAL__sub_I_SysTick_Handler
                0x000000000800550c       0x1c ../../libdaisy//build/libdaisy.a(system.o)
 .text.SystemInit
                0x0000000008005528       0x80 ../../libdaisy//build/libdaisy.a(system_stm32h7xx.o)
                0x0000000008005528                SystemInit
 .text.dsy_hal_map_get_port
                0x00000000080055a8       0x10 ../../libdaisy//build/libdaisy.a(hal_map.o)
                0x00000000080055a8                dsy_hal_map_get_port
 .text.dsy_hal_map_get_pin
                0x00000000080055b8       0x10 ../../libdaisy//build/libdaisy.a(hal_map.o)
                0x00000000080055b8                dsy_hal_map_get_pin
 .text.dsy_hal_map_gpio_clk_enable
                0x00000000080055c8      0x150 ../../libdaisy//build/libdaisy.a(hal_map.o)
                0x00000000080055c8                dsy_hal_map_gpio_clk_enable
 .text.HAL_MspInit
                0x0000000008005718        0x4 ../../libdaisy//build/libdaisy.a(stm32h7xx_hal.o)
                0x0000000008005718                HAL_MspInit
 .text.HAL_InitTick
                0x000000000800571c       0x4c ../../libdaisy//build/libdaisy.a(stm32h7xx_hal.o)
                0x000000000800571c                HAL_InitTick
 .text.HAL_Init
                0x0000000008005768       0x5c ../../libdaisy//build/libdaisy.a(stm32h7xx_hal.o)
                0x0000000008005768                HAL_Init
 .text.HAL_IncTick
                0x00000000080057c4       0x18 ../../libdaisy//build/libdaisy.a(stm32h7xx_hal.o)
                0x00000000080057c4                HAL_IncTick
 .text.HAL_GetTick
                0x00000000080057dc        0xc ../../libdaisy//build/libdaisy.a(stm32h7xx_hal.o)
                0x00000000080057dc                HAL_GetTick
 .text.HAL_Delay
                0x00000000080057e8       0x24 ../../libdaisy//build/libdaisy.a(stm32h7xx_hal.o)
                0x00000000080057e8                HAL_Delay
 .text.HAL_GetREVID
                0x000000000800580c        0xc ../../libdaisy//build/libdaisy.a(stm32h7xx_hal.o)
                0x000000000800580c                HAL_GetREVID
 .text.HAL_ADC_ConvHalfCpltCallback
                0x0000000008005818        0x4 ../../libdaisy//build/libdaisy.a(stm32h7xx_hal_adc.o)
                0x0000000008005818                HAL_ADC_ConvHalfCpltCallback
 .text.ADC_DMAHalfConvCplt
                0x000000000800581c        0xc ../../libdaisy//build/libdaisy.a(stm32h7xx_hal_adc.o)
                0x000000000800581c                ADC_DMAHalfConvCplt
 .text.ADC_DMAConvCplt
                0x0000000008005828       0x6c ../../libdaisy//build/libdaisy.a(stm32h7xx_hal_adc.o)
                0x0000000008005828                ADC_DMAConvCplt
 .text.ADC_DMAError
                0x0000000008005894       0x1c ../../libdaisy//build/libdaisy.a(stm32h7xx_hal_adc.o)
                0x0000000008005894                ADC_DMAError
 .text.HAL_ADC_ConfigChannel
                0x00000000080058b0      0x3fc ../../libdaisy//build/libdaisy.a(stm32h7xx_hal_adc.o)
                0x00000000080058b0                HAL_ADC_ConfigChannel
 .text.ADC_Enable
                0x0000000008005cac       0xac ../../libdaisy//build/libdaisy.a(stm32h7xx_hal_adc.o)
                0x0000000008005cac                ADC_Enable
 .text.HAL_ADC_Start_DMA
                0x0000000008005d58      0x118 ../../libdaisy//build/libdaisy.a(stm32h7xx_hal_adc.o)
                0x0000000008005d58                HAL_ADC_Start_DMA
 .text.ADC_Disable
                0x0000000008005e70       0x68 ../../libdaisy//build/libdaisy.a(stm32h7xx_hal_adc.o)
                0x0000000008005e70                ADC_Disable
 .text.ADC_ConfigureBoostMode
                0x0000000008005ed8      0x190 ../../libdaisy//build/libdaisy.a(stm32h7xx_hal_adc.o)
                0x0000000008005ed8                ADC_ConfigureBoostMode
 .text.HAL_ADC_Init
                0x0000000008006068      0x214 ../../libdaisy//build/libdaisy.a(stm32h7xx_hal_adc.o)
                0x0000000008006068                HAL_ADC_Init
 .text.HAL_ADCEx_Calibration_Start
                0x000000000800627c       0xa4 ../../libdaisy//build/libdaisy.a(stm32h7xx_hal_adc_ex.o)
                0x000000000800627c                HAL_ADCEx_Calibration_Start
 .text.HAL_ADCEx_MultiModeConfigChannel
                0x0000000008006320       0xc4 ../../libdaisy//build/libdaisy.a(stm32h7xx_hal_adc_ex.o)
                0x0000000008006320                HAL_ADCEx_MultiModeConfigChannel
 .text.HAL_NVIC_SetPriorityGrouping
                0x00000000080063e4       0x28 ../../libdaisy//build/libdaisy.a(stm32h7xx_hal_cortex.o)
                0x00000000080063e4                HAL_NVIC_SetPriorityGrouping
 .text.HAL_NVIC_SetPriority
                0x000000000800640c       0x74 ../../libdaisy//build/libdaisy.a(stm32h7xx_hal_cortex.o)
                0x000000000800640c                HAL_NVIC_SetPriority
 .text.HAL_NVIC_EnableIRQ
                0x0000000008006480       0x1c ../../libdaisy//build/libdaisy.a(stm32h7xx_hal_cortex.o)
                0x0000000008006480                HAL_NVIC_EnableIRQ
 .text.HAL_NVIC_DisableIRQ
                0x000000000800649c       0x28 ../../libdaisy//build/libdaisy.a(stm32h7xx_hal_cortex.o)
                0x000000000800649c                HAL_NVIC_DisableIRQ
 .text.HAL_SYSTICK_Config
                0x00000000080064c4       0x30 ../../libdaisy//build/libdaisy.a(stm32h7xx_hal_cortex.o)
                0x00000000080064c4                HAL_SYSTICK_Config
 .text.HAL_MPU_Disable
                0x00000000080064f4       0x20 ../../libdaisy//build/libdaisy.a(stm32h7xx_hal_cortex.o)
                0x00000000080064f4                HAL_MPU_Disable
 .text.HAL_MPU_Enable
                0x0000000008006514       0x24 ../../libdaisy//build/libdaisy.a(stm32h7xx_hal_cortex.o)
                0x0000000008006514                HAL_MPU_Enable
 .text.HAL_MPU_ConfigRegion
                0x0000000008006538       0x50 ../../libdaisy//build/libdaisy.a(stm32h7xx_hal_cortex.o)
                0x0000000008006538                HAL_MPU_ConfigRegion
 .text.HAL_SYSTICK_Callback
                0x0000000008006588        0x4 ../../libdaisy//build/libdaisy.a(stm32h7xx_hal_cortex.o)
                0x0000000008006588                HAL_SYSTICK_Callback
 .text.HAL_SYSTICK_IRQHandler
                0x000000000800658c        0x8 ../../libdaisy//build/libdaisy.a(stm32h7xx_hal_cortex.o)
                0x000000000800658c                HAL_SYSTICK_IRQHandler
 .text.HAL_DAC_Init
                0x0000000008006594       0x2c ../../libdaisy//build/libdaisy.a(stm32h7xx_hal_dac.o)
                0x0000000008006594                HAL_DAC_Init
 .text.HAL_DAC_Start
                0x00000000080065c0       0x58 ../../libdaisy//build/libdaisy.a(stm32h7xx_hal_dac.o)
                0x00000000080065c0                HAL_DAC_Start
 .text.HAL_DAC_SetValue
                0x0000000008006618       0x30 ../../libdaisy//build/libdaisy.a(stm32h7xx_hal_dac.o)
                0x0000000008006618                HAL_DAC_SetValue
 .text.HAL_DAC_DMAUnderrunCallbackCh1
                0x0000000008006648        0x4 ../../libdaisy//build/libdaisy.a(stm32h7xx_hal_dac.o)
                0x0000000008006648                HAL_DAC_DMAUnderrunCallbackCh1
 .text.HAL_DAC_IRQHandler
                0x000000000800664c       0x68 ../../libdaisy//build/libdaisy.a(stm32h7xx_hal_dac.o)
                0x000000000800664c                HAL_DAC_IRQHandler
 .text.HAL_DAC_ConfigChannel
                0x00000000080066b4      0x140 ../../libdaisy//build/libdaisy.a(stm32h7xx_hal_dac.o)
                0x00000000080066b4                HAL_DAC_ConfigChannel
 .text.HAL_DACEx_DMAUnderrunCallbackCh2
                0x00000000080067f4        0x4 ../../libdaisy//build/libdaisy.a(stm32h7xx_hal_dac_ex.o)
                0x00000000080067f4                HAL_DACEx_DMAUnderrunCallbackCh2
 .text.DMA_CalcBaseAndBitshift
                0x00000000080067f8       0xf8 ../../libdaisy//build/libdaisy.a(stm32h7xx_hal_dma.o)
 .text.DMA_CalcDMAMUXChannelBaseAndMask
                0x00000000080068f0       0xd8 ../../libdaisy//build/libdaisy.a(stm32h7xx_hal_dma.o)
 .text.HAL_DMA_Init
                0x00000000080069c8      0x394 ../../libdaisy//build/libdaisy.a(stm32h7xx_hal_dma.o)
                0x00000000080069c8                HAL_DMA_Init
 .text.HAL_DMA_Start_IT
                0x0000000008006d5c      0x250 ../../libdaisy//build/libdaisy.a(stm32h7xx_hal_dma.o)
                0x0000000008006d5c                HAL_DMA_Start_IT
 .text.HAL_DMA_Abort_IT
                0x0000000008006fac      0x13c ../../libdaisy//build/libdaisy.a(stm32h7xx_hal_dma.o)
                0x0000000008006fac                HAL_DMA_Abort_IT
 .text.HAL_DMA_IRQHandler
                0x00000000080070e8      0x6bc ../../libdaisy//build/libdaisy.a(stm32h7xx_hal_dma.o)
                0x00000000080070e8                HAL_DMA_IRQHandler
 .text.HAL_DMA_GetError
                0x00000000080077a4        0x4 ../../libdaisy//build/libdaisy.a(stm32h7xx_hal_dma.o)
                0x00000000080077a4                HAL_DMA_GetError
 .text.HAL_GPIO_Init
                0x00000000080077a8      0x248 ../../libdaisy//build/libdaisy.a(stm32h7xx_hal_gpio.o)
                0x00000000080077a8                HAL_GPIO_Init
 .text.HAL_GPIO_DeInit
                0x00000000080079f0      0x19c ../../libdaisy//build/libdaisy.a(stm32h7xx_hal_gpio.o)
                0x00000000080079f0                HAL_GPIO_DeInit
 .text.HAL_GPIO_ReadPin
                0x0000000008007b8c        0xc ../../libdaisy//build/libdaisy.a(stm32h7xx_hal_gpio.o)
                0x0000000008007b8c                HAL_GPIO_ReadPin
 .text.HAL_GPIO_WritePin
                0x0000000008007b98        0x8 ../../libdaisy//build/libdaisy.a(stm32h7xx_hal_gpio.o)
                0x0000000008007b98                HAL_GPIO_WritePin
 .text.HAL_PWREx_ConfigSupply
                0x0000000008007ba0       0x4c ../../libdaisy//build/libdaisy.a(stm32h7xx_hal_pwr_ex.o)
                0x0000000008007ba0                HAL_PWREx_ConfigSupply
 .text.HAL_PWREx_EnableUSBVoltageDetector
                0x0000000008007bec       0x10 ../../libdaisy//build/libdaisy.a(stm32h7xx_hal_pwr_ex.o)
                0x0000000008007bec                HAL_PWREx_EnableUSBVoltageDetector
 .text.QSPI_Config
                0x0000000008007bfc      0x1d4 ../../libdaisy//build/libdaisy.a(stm32h7xx_hal_qspi.o)
 .text.HAL_QSPI_Init
                0x0000000008007dd0       0xd8 ../../libdaisy//build/libdaisy.a(stm32h7xx_hal_qspi.o)
                0x0000000008007dd0                HAL_QSPI_Init
 .text.HAL_QSPI_DeInit
                0x0000000008007ea8       0x3c ../../libdaisy//build/libdaisy.a(stm32h7xx_hal_qspi.o)
                0x0000000008007ea8                HAL_QSPI_DeInit
 .text.HAL_QSPI_Command
                0x0000000008007ee4       0xd4 ../../libdaisy//build/libdaisy.a(stm32h7xx_hal_qspi.o)
                0x0000000008007ee4                HAL_QSPI_Command
 .text.HAL_QSPI_Transmit
                0x0000000008007fb8       0xfc ../../libdaisy//build/libdaisy.a(stm32h7xx_hal_qspi.o)
                0x0000000008007fb8                HAL_QSPI_Transmit
 .text.HAL_QSPI_Receive
                0x00000000080080b4      0x108 ../../libdaisy//build/libdaisy.a(stm32h7xx_hal_qspi.o)
                0x00000000080080b4                HAL_QSPI_Receive
 .text.HAL_QSPI_AutoPolling
                0x00000000080081bc       0xe8 ../../libdaisy//build/libdaisy.a(stm32h7xx_hal_qspi.o)
                0x00000000080081bc                HAL_QSPI_AutoPolling
 .text.HAL_QSPI_MemoryMapped
                0x00000000080082a4       0xb8 ../../libdaisy//build/libdaisy.a(stm32h7xx_hal_qspi.o)
                0x00000000080082a4                HAL_QSPI_MemoryMapped
 .text.HAL_QSPI_ErrorCallback
                0x000000000800835c        0x4 ../../libdaisy//build/libdaisy.a(stm32h7xx_hal_qspi.o)
                0x000000000800835c                HAL_QSPI_ErrorCallback
 .text.QSPI_DMAAbortCplt
                0x0000000008008360       0x38 ../../libdaisy//build/libdaisy.a(stm32h7xx_hal_qspi.o)
 .text.HAL_QSPI_AbortCpltCallback
                0x0000000008008398        0x4 ../../libdaisy//build/libdaisy.a(stm32h7xx_hal_qspi.o)
                0x0000000008008398                HAL_QSPI_AbortCpltCallback
 .text.HAL_QSPI_CmdCpltCallback
                0x000000000800839c        0x4 ../../libdaisy//build/libdaisy.a(stm32h7xx_hal_qspi.o)
                0x000000000800839c                HAL_QSPI_CmdCpltCallback
 .text.HAL_QSPI_RxCpltCallback
                0x00000000080083a0        0x4 ../../libdaisy//build/libdaisy.a(stm32h7xx_hal_qspi.o)
                0x00000000080083a0                HAL_QSPI_RxCpltCallback
 .text.HAL_QSPI_TxCpltCallback
                0x00000000080083a4        0x4 ../../libdaisy//build/libdaisy.a(stm32h7xx_hal_qspi.o)
                0x00000000080083a4                HAL_QSPI_TxCpltCallback
 .text.HAL_QSPI_FifoThresholdCallback
                0x00000000080083a8        0x4 ../../libdaisy//build/libdaisy.a(stm32h7xx_hal_qspi.o)
                0x00000000080083a8                HAL_QSPI_FifoThresholdCallback
 .text.HAL_QSPI_StatusMatchCallback
                0x00000000080083ac        0x4 ../../libdaisy//build/libdaisy.a(stm32h7xx_hal_qspi.o)
                0x00000000080083ac                HAL_QSPI_StatusMatchCallback
 .text.HAL_QSPI_TimeOutCallback
                0x00000000080083b0        0x4 ../../libdaisy//build/libdaisy.a(stm32h7xx_hal_qspi.o)
                0x00000000080083b0                HAL_QSPI_TimeOutCallback
 .text.HAL_QSPI_IRQHandler
                0x00000000080083b4      0x210 ../../libdaisy//build/libdaisy.a(stm32h7xx_hal_qspi.o)
                0x00000000080083b4                HAL_QSPI_IRQHandler
 .text.HAL_RCC_OscConfig
                0x00000000080085c4      0x540 ../../libdaisy//build/libdaisy.a(stm32h7xx_hal_rcc.o)
                0x00000000080085c4                HAL_RCC_OscConfig
 .text.HAL_RCC_GetSysClockFreq
                0x0000000008008b04      0x140 ../../libdaisy//build/libdaisy.a(stm32h7xx_hal_rcc.o)
                0x0000000008008b04                HAL_RCC_GetSysClockFreq
 .text.HAL_RCC_ClockConfig
                0x0000000008008c44      0x234 ../../libdaisy//build/libdaisy.a(stm32h7xx_hal_rcc.o)
                0x0000000008008c44                HAL_RCC_ClockConfig
 .text.HAL_RCC_GetHCLKFreq
                0x0000000008008e78       0x2c ../../libdaisy//build/libdaisy.a(stm32h7xx_hal_rcc.o)
                0x0000000008008e78                HAL_RCC_GetHCLKFreq
 .text.HAL_RCC_GetPCLK1Freq
                0x0000000008008ea4       0x38 ../../libdaisy//build/libdaisy.a(stm32h7xx_hal_rcc.o)
                0x0000000008008ea4                HAL_RCC_GetPCLK1Freq
 .text.HAL_RCC_GetPCLK2Freq
                0x0000000008008edc       0x38 ../../libdaisy//build/libdaisy.a(stm32h7xx_hal_rcc.o)
                0x0000000008008edc                HAL_RCC_GetPCLK2Freq
 .text.RCCEx_PLL2_Config
                0x0000000008008f14       0xf8 ../../libdaisy//build/libdaisy.a(stm32h7xx_hal_rcc_ex.o)
 .text.RCCEx_PLL3_Config
                0x000000000800900c       0xf8 ../../libdaisy//build/libdaisy.a(stm32h7xx_hal_rcc_ex.o)
 .text.HAL_RCCEx_PeriphCLKConfig
                0x0000000008009104      0xa7c ../../libdaisy//build/libdaisy.a(stm32h7xx_hal_rcc_ex.o)
                0x0000000008009104                HAL_RCCEx_PeriphCLKConfig
 .text.HAL_RCCEx_GetD3PCLK1Freq
                0x0000000008009b80       0x24 ../../libdaisy//build/libdaisy.a(stm32h7xx_hal_rcc_ex.o)
                0x0000000008009b80                HAL_RCCEx_GetD3PCLK1Freq
 .text.HAL_RCCEx_GetPLL2ClockFreq
                0x0000000008009ba4      0x17c ../../libdaisy//build/libdaisy.a(stm32h7xx_hal_rcc_ex.o)
                0x0000000008009ba4                HAL_RCCEx_GetPLL2ClockFreq
 .text.HAL_RCCEx_GetPLL3ClockFreq
                0x0000000008009d20      0x17c ../../libdaisy//build/libdaisy.a(stm32h7xx_hal_rcc_ex.o)
                0x0000000008009d20                HAL_RCCEx_GetPLL3ClockFreq
 .text.HAL_RCCEx_GetPLL1ClockFreq
                0x0000000008009e9c      0x17c ../../libdaisy//build/libdaisy.a(stm32h7xx_hal_rcc_ex.o)
                0x0000000008009e9c                HAL_RCCEx_GetPLL1ClockFreq
 .text.HAL_RCCEx_GetPeriphCLKFreq
                0x000000000800a018      0x198 ../../libdaisy//build/libdaisy.a(stm32h7xx_hal_rcc_ex.o)
                0x000000000800a018                HAL_RCCEx_GetPeriphCLKFreq
 .text.HAL_RCCEx_GetD1SysClockFreq
                0x000000000800a1b0       0x2c ../../libdaisy//build/libdaisy.a(stm32h7xx_hal_rcc_ex.o)
                0x000000000800a1b0                HAL_RCCEx_GetD1SysClockFreq
 .text.HAL_SAI_Init.part.0
                0x000000000800a1dc      0x364 ../../libdaisy//build/libdaisy.a(stm32h7xx_hal_sai.o)
 .text.HAL_SAI_InitProtocol
                0x000000000800a540      0x184 ../../libdaisy//build/libdaisy.a(stm32h7xx_hal_sai.o)
                0x000000000800a540                HAL_SAI_InitProtocol
 .text.HAL_SAI_Transmit_DMA
                0x000000000800a6c4      0x124 ../../libdaisy//build/libdaisy.a(stm32h7xx_hal_sai.o)
                0x000000000800a6c4                HAL_SAI_Transmit_DMA
 .text.HAL_SAI_Receive_DMA
                0x000000000800a7e8       0xcc ../../libdaisy//build/libdaisy.a(stm32h7xx_hal_sai.o)
                0x000000000800a7e8                HAL_SAI_Receive_DMA
 .text.HAL_SAI_TxCpltCallback
                0x000000000800a8b4        0x4 ../../libdaisy//build/libdaisy.a(stm32h7xx_hal_sai.o)
                0x000000000800a8b4                HAL_SAI_TxCpltCallback
 .text.SAI_DMATxCplt
                0x000000000800a8b8       0x60 ../../libdaisy//build/libdaisy.a(stm32h7xx_hal_sai.o)
 .text.HAL_SAI_TxHalfCpltCallback
                0x000000000800a918        0x4 ../../libdaisy//build/libdaisy.a(stm32h7xx_hal_sai.o)
                0x000000000800a918                HAL_SAI_TxHalfCpltCallback
 .text.SAI_DMATxHalfCplt
                0x000000000800a91c        0xc ../../libdaisy//build/libdaisy.a(stm32h7xx_hal_sai.o)
 .text.SAI_DMARxCplt
                0x000000000800a928       0x60 ../../libdaisy//build/libdaisy.a(stm32h7xx_hal_sai.o)
 .text.SAI_DMARxHalfCplt
                0x000000000800a988        0xc ../../libdaisy//build/libdaisy.a(stm32h7xx_hal_sai.o)
 .text.HAL_SAI_ErrorCallback
                0x000000000800a994        0x4 ../../libdaisy//build/libdaisy.a(stm32h7xx_hal_sai.o)
                0x000000000800a994                HAL_SAI_ErrorCallback
 .text.SAI_DMAError
                0x000000000800a998       0x6c ../../libdaisy//build/libdaisy.a(stm32h7xx_hal_sai.o)
 .text.HAL_SDRAM_Init
                0x000000000800aa04       0x54 ../../libdaisy//build/libdaisy.a(stm32h7xx_hal_sdram.o)
                0x000000000800aa04                HAL_SDRAM_Init
 .text.HAL_SDRAM_SendCommand
                0x000000000800aa58       0x40 ../../libdaisy//build/libdaisy.a(stm32h7xx_hal_sdram.o)
                0x000000000800aa58                HAL_SDRAM_SendCommand
 .text.HAL_SDRAM_ProgramRefreshRate
                0x000000000800aa98       0x30 ../../libdaisy//build/libdaisy.a(stm32h7xx_hal_sdram.o)
                0x000000000800aa98                HAL_SDRAM_ProgramRefreshRate
 .text.SPI_CloseTransfer
                0x000000000800aac8       0xb8 ../../libdaisy//build/libdaisy.a(stm32h7xx_hal_spi.o)
 .text.HAL_SPI_Init
                0x000000000800ab80      0x168 ../../libdaisy//build/libdaisy.a(stm32h7xx_hal_spi.o)
                0x000000000800ab80                HAL_SPI_Init
 .text.HAL_SPI_Transmit
                0x000000000800ace8      0x32c ../../libdaisy//build/libdaisy.a(stm32h7xx_hal_spi.o)
                0x000000000800ace8                HAL_SPI_Transmit
 .text.HAL_TIM_Base_Init
                0x000000000800b014      0x130 ../../libdaisy//build/libdaisy.a(stm32h7xx_hal_tim.o)
                0x000000000800b014                HAL_TIM_Base_Init
 .text.HAL_TIM_Base_Start
                0x000000000800b144       0x38 ../../libdaisy//build/libdaisy.a(stm32h7xx_hal_tim.o)
                0x000000000800b144                HAL_TIM_Base_Start
 .text.HAL_TIM_ConfigClockSource
                0x000000000800b17c      0x17c ../../libdaisy//build/libdaisy.a(stm32h7xx_hal_tim.o)
                0x000000000800b17c                HAL_TIM_ConfigClockSource
 .text.HAL_TIM_PeriodElapsedCallback
                0x000000000800b2f8        0x4 ../../libdaisy//build/libdaisy.a(stm32h7xx_hal_tim.o)
                0x000000000800b2f8                HAL_TIM_PeriodElapsedCallback
 .text.HAL_TIM_OC_DelayElapsedCallback
                0x000000000800b2fc        0x4 ../../libdaisy//build/libdaisy.a(stm32h7xx_hal_tim.o)
                0x000000000800b2fc                HAL_TIM_OC_DelayElapsedCallback
 .text.HAL_TIM_IC_CaptureCallback
                0x000000000800b300        0x4 ../../libdaisy//build/libdaisy.a(stm32h7xx_hal_tim.o)
                0x000000000800b300                HAL_TIM_IC_CaptureCallback
 .text.HAL_TIM_PWM_PulseFinishedCallback
                0x000000000800b304        0x4 ../../libdaisy//build/libdaisy.a(stm32h7xx_hal_tim.o)
                0x000000000800b304                HAL_TIM_PWM_PulseFinishedCallback
 .text.HAL_TIM_TriggerCallback
                0x000000000800b308        0x4 ../../libdaisy//build/libdaisy.a(stm32h7xx_hal_tim.o)
                0x000000000800b308                HAL_TIM_TriggerCallback
 .text.HAL_TIM_IRQHandler
                0x000000000800b30c      0x170 ../../libdaisy//build/libdaisy.a(stm32h7xx_hal_tim.o)
                0x000000000800b30c                HAL_TIM_IRQHandler
 .text.HAL_TIMEx_MasterConfigSynchronization
                0x000000000800b47c       0x60 ../../libdaisy//build/libdaisy.a(stm32h7xx_hal_tim_ex.o)
                0x000000000800b47c                HAL_TIMEx_MasterConfigSynchronization
 .text.HAL_TIMEx_CommutCallback
                0x000000000800b4dc        0x4 ../../libdaisy//build/libdaisy.a(stm32h7xx_hal_tim_ex.o)
                0x000000000800b4dc                HAL_TIMEx_CommutCallback
 .text.HAL_TIMEx_BreakCallback
                0x000000000800b4e0        0x4 ../../libdaisy//build/libdaisy.a(stm32h7xx_hal_tim_ex.o)
                0x000000000800b4e0                HAL_TIMEx_BreakCallback
 .text.HAL_TIMEx_Break2Callback
                0x000000000800b4e4        0x4 ../../libdaisy//build/libdaisy.a(stm32h7xx_hal_tim_ex.o)
                0x000000000800b4e4                HAL_TIMEx_Break2Callback
 .text.HAL_UART_TxCpltCallback
                0x000000000800b4e8        0x4 ../../libdaisy//build/libdaisy.a(stm32h7xx_hal_uart.o)
                0x000000000800b4e8                HAL_UART_TxCpltCallback
 .text.HAL_UART_IRQHandler
                0x000000000800b4ec      0x1cc ../../libdaisy//build/libdaisy.a(stm32h7xx_hal_uart.o)
                0x000000000800b4ec                HAL_UART_IRQHandler
 .text.UART_DMAAbortOnError
                0x000000000800b6b8       0x14 ../../libdaisy//build/libdaisy.a(stm32h7xx_hal_uart.o)
 *fill*         0x000000000800b6cc        0x4 
 .text.UART_SetConfig
                0x000000000800b6d0     0x14dc ../../libdaisy//build/libdaisy.a(stm32h7xx_hal_uart.o)
                0x000000000800b6d0                UART_SetConfig
 .text.UART_AdvFeatureConfig
                0x000000000800cbac       0xb0 ../../libdaisy//build/libdaisy.a(stm32h7xx_hal_uart.o)
                0x000000000800cbac                UART_AdvFeatureConfig
 .text.UART_CheckIdleState
                0x000000000800cc5c       0x84 ../../libdaisy//build/libdaisy.a(stm32h7xx_hal_uart.o)
                0x000000000800cc5c                UART_CheckIdleState
 .text.HAL_UART_Init
                0x000000000800cce0       0x68 ../../libdaisy//build/libdaisy.a(stm32h7xx_hal_uart.o)
                0x000000000800cce0                HAL_UART_Init
 .text.HAL_UARTEx_WakeupCallback
                0x000000000800cd48        0x4 ../../libdaisy//build/libdaisy.a(stm32h7xx_hal_uart_ex.o)
                0x000000000800cd48                HAL_UARTEx_WakeupCallback
 .text.HAL_UARTEx_RxFifoFullCallback
                0x000000000800cd4c        0x4 ../../libdaisy//build/libdaisy.a(stm32h7xx_hal_uart_ex.o)
                0x000000000800cd4c                HAL_UARTEx_RxFifoFullCallback
 .text.HAL_UARTEx_TxFifoEmptyCallback
                0x000000000800cd50        0x4 ../../libdaisy//build/libdaisy.a(stm32h7xx_hal_uart_ex.o)
                0x000000000800cd50                HAL_UARTEx_TxFifoEmptyCallback
 .text.HAL_UARTEx_DisableFifoMode
                0x000000000800cd54       0x3c ../../libdaisy//build/libdaisy.a(stm32h7xx_hal_uart_ex.o)
                0x000000000800cd54                HAL_UARTEx_DisableFifoMode
 .text.HAL_UARTEx_SetTxFifoThreshold
                0x000000000800cd90       0xac ../../libdaisy//build/libdaisy.a(stm32h7xx_hal_uart_ex.o)
                0x000000000800cd90                HAL_UARTEx_SetTxFifoThreshold
 .text.HAL_UARTEx_SetRxFifoThreshold
                0x000000000800ce3c       0xac ../../libdaisy//build/libdaisy.a(stm32h7xx_hal_uart_ex.o)
                0x000000000800ce3c                HAL_UARTEx_SetRxFifoThreshold
 .text.FMC_SDRAM_Init
                0x000000000800cee8       0x78 ../../libdaisy//build/libdaisy.a(stm32h7xx_ll_fmc.o)
                0x000000000800cee8                FMC_SDRAM_Init
 .text.FMC_SDRAM_Timing_Init
                0x000000000800cf60       0x98 ../../libdaisy//build/libdaisy.a(stm32h7xx_ll_fmc.o)
                0x000000000800cf60                FMC_SDRAM_Timing_Init
 .text.FMC_SDRAM_SendCommand
                0x000000000800cff8       0x24 ../../libdaisy//build/libdaisy.a(stm32h7xx_ll_fmc.o)
                0x000000000800cff8                FMC_SDRAM_SendCommand
 .text.FMC_SDRAM_ProgramRefreshRate
                0x000000000800d01c       0x1c ../../libdaisy//build/libdaisy.a(stm32h7xx_ll_fmc.o)
                0x000000000800d01c                FMC_SDRAM_ProgramRefreshRate
 .text.dsy_i2c_global_init
                0x000000000800d038       0x8c ../../libdaisy//build/libdaisy.a(i2c.o)
                0x000000000800d038                dsy_i2c_global_init
 .text.DMA1_Stream6_IRQHandler
                0x000000000800d0c4       0x34 ../../libdaisy//build/libdaisy.a(i2c.o)
                0x000000000800d0c4                DMA1_Stream6_IRQHandler
 .text.I2C1_EV_IRQHandler
                0x000000000800d0f8        0xc ../../libdaisy//build/libdaisy.a(i2c.o)
                0x000000000800d0f8                I2C1_EV_IRQHandler
 .text.I2C2_EV_IRQHandler
                0x000000000800d104        0xc ../../libdaisy//build/libdaisy.a(i2c.o)
                0x000000000800d104                I2C2_EV_IRQHandler
 .text.I2C3_EV_IRQHandler
                0x000000000800d110        0xc ../../libdaisy//build/libdaisy.a(i2c.o)
                0x000000000800d110                I2C3_EV_IRQHandler
 .text.startup._GLOBAL__sub_I__ZN5daisy9I2CHandle4Impl10GlobalInitEv
                0x000000000800d11c       0x18 ../../libdaisy//build/libdaisy.a(i2c.o)
 .text.HAL_TIM_Base_MspInit
                0x000000000800d134       0xcc ../../libdaisy//build/libdaisy.a(tim.o)
                0x000000000800d134                HAL_TIM_Base_MspInit
 .text._ZN5daisy11TimerHandle4InitERKNS0_6ConfigE
                0x000000000800d200       0xd0 ../../libdaisy//build/libdaisy.a(tim.o)
                0x000000000800d200                daisy::TimerHandle::Init(daisy::TimerHandle::Config const&)
 .text._ZN5daisy11TimerHandle5StartEv
                0x000000000800d2d0       0x14 ../../libdaisy//build/libdaisy.a(tim.o)
                0x000000000800d2d0                daisy::TimerHandle::Start()
 .text.dsy_dma_init
                0x000000000800d2e4       0xd0 ../../libdaisy//build/libdaisy.a(dma.o)
                0x000000000800d2e4                dsy_dma_init
 .text.HAL_I2C_EV_IRQHandler
                0x000000000800d3b4       0x10 ../../libdaisy//build/libdaisy.a(stm32h7xx_hal_i2c.o)
                0x000000000800d3b4                HAL_I2C_EV_IRQHandler
 .text.HAL_MDMA_Abort_IT
                0x000000000800d3c4       0x2c ../../libdaisy//build/libdaisy.a(stm32h7xx_hal_mdma.o)
                0x000000000800d3c4                HAL_MDMA_Abort_IT
 .text.__aeabi_atexit
                0x000000000800d3f0        0xa /usr/local/Cellar/arm-none-eabi-gcc/9-2019-q4-major/gcc/bin/../lib/gcc/arm-none-eabi/9.2.1/../../../../arm-none-eabi/lib/thumb/v7e-m+dp/hard/libstdc++_nano.a(atexit_arm.o)
                0x000000000800d3f0                __aeabi_atexit
 .text._ZdlPv   0x000000000800d3fa        0x4 /usr/local/Cellar/arm-none-eabi-gcc/9-2019-q4-major/gcc/bin/../lib/gcc/arm-none-eabi/9.2.1/../../../../arm-none-eabi/lib/thumb/v7e-m+dp/hard/libstdc++_nano.a(del_op.o)
                0x000000000800d3fa                operator delete(void*)
 .text._Znwj    0x000000000800d3fe       0x22 /usr/local/Cellar/arm-none-eabi-gcc/9-2019-q4-major/gcc/bin/../lib/gcc/arm-none-eabi/9.2.1/../../../../arm-none-eabi/lib/thumb/v7e-m+dp/hard/libstdc++_nano.a(new_op.o)
                0x000000000800d3fe                operator new(unsigned int)
 .text.unlikely._ZSt19__throw_logic_errorPKc
                0x000000000800d420        0x6 /usr/local/Cellar/arm-none-eabi-gcc/9-2019-q4-major/gcc/bin/../lib/gcc/arm-none-eabi/9.2.1/../../../../arm-none-eabi/lib/thumb/v7e-m+dp/hard/libstdc++_nano.a(functexcept.o)
                0x000000000800d420                std::__throw_logic_error(char const*)
 .text._ZSt24__throw_out_of_range_fmtPKcz
                0x000000000800d426       0x38 /usr/local/Cellar/arm-none-eabi-gcc/9-2019-q4-major/gcc/bin/../lib/gcc/arm-none-eabi/9.2.1/../../../../arm-none-eabi/lib/thumb/v7e-m+dp/hard/libstdc++_nano.a(functexcept.o)
                0x000000000800d426                std::__throw_out_of_range_fmt(char const*, ...)
 *fill*         0x000000000800d45e        0x2 
 .text._ZN9__gnu_cxx26__throw_insufficient_spaceEPKcS1_
                0x000000000800d460       0x4c /usr/local/Cellar/arm-none-eabi-gcc/9-2019-q4-major/gcc/bin/../lib/gcc/arm-none-eabi/9.2.1/../../../../arm-none-eabi/lib/thumb/v7e-m+dp/hard/libstdc++_nano.a(snprintf_lite.o)
                0x000000000800d460                __gnu_cxx::__throw_insufficient_space(char const*, char const*)
 .text._ZN9__gnu_cxx15__concat_size_tEPcjj
                0x000000000800d4ac       0x58 /usr/local/Cellar/arm-none-eabi-gcc/9-2019-q4-major/gcc/bin/../lib/gcc/arm-none-eabi/9.2.1/../../../../arm-none-eabi/lib/thumb/v7e-m+dp/hard/libstdc++_nano.a(snprintf_lite.o)
                0x000000000800d4ac                __gnu_cxx::__concat_size_t(char*, unsigned int, unsigned int)
 .text._ZN9__gnu_cxx15__snprintf_liteEPcjPKcSt9__va_list
                0x000000000800d504       0x82 /usr/local/Cellar/arm-none-eabi-gcc/9-2019-q4-major/gcc/bin/../lib/gcc/arm-none-eabi/9.2.1/../../../../arm-none-eabi/lib/thumb/v7e-m+dp/hard/libstdc++_nano.a(snprintf_lite.o)
                0x000000000800d504                __gnu_cxx::__snprintf_lite(char*, unsigned int, char const*, std::__va_list)
 *fill*         0x000000000800d586        0x2 
 .text._ZSt15get_new_handlerv
                0x000000000800d588       0x10 /usr/local/Cellar/arm-none-eabi-gcc/9-2019-q4-major/gcc/bin/../lib/gcc/arm-none-eabi/9.2.1/../../../../arm-none-eabi/lib/thumb/v7e-m+dp/hard/libstdc++_nano.a(new_handler.o)
                0x000000000800d588                std::get_new_handler()
 .text.modff    0x000000000800d598       0x64 /usr/local/Cellar/arm-none-eabi-gcc/9-2019-q4-major/gcc/bin/../lib/gcc/arm-none-eabi/9.2.1/../../../../arm-none-eabi/lib/thumb/v7e-m+dp/hard/libm.a(lib_a-sf_modf.o)
                0x000000000800d598                modff
 .text.abort    0x000000000800d5fc        0xe /usr/local/Cellar/arm-none-eabi-gcc/9-2019-q4-major/gcc/bin/../lib/gcc/arm-none-eabi/9.2.1/../../../../arm-none-eabi/lib/thumb/v7e-m+dp/hard/libc_nano.a(lib_a-abort.o)
                0x000000000800d5fc                abort
 *fill*         0x000000000800d60a        0x2 
 .text.__cxa_atexit
                0x000000000800d60c       0x1c /usr/local/Cellar/arm-none-eabi-gcc/9-2019-q4-major/gcc/bin/../lib/gcc/arm-none-eabi/9.2.1/../../../../arm-none-eabi/lib/thumb/v7e-m+dp/hard/libc_nano.a(lib_a-cxa_atexit.o)
                0x000000000800d60c                __cxa_atexit
 .text.__libc_init_array
                0x000000000800d628       0x48 /usr/local/Cellar/arm-none-eabi-gcc/9-2019-q4-major/gcc/bin/../lib/gcc/arm-none-eabi/9.2.1/../../../../arm-none-eabi/lib/thumb/v7e-m+dp/hard/libc_nano.a(lib_a-init.o)
                0x000000000800d628                __libc_init_array
 .text.malloc   0x000000000800d670       0x10 /usr/local/Cellar/arm-none-eabi-gcc/9-2019-q4-major/gcc/bin/../lib/gcc/arm-none-eabi/9.2.1/../../../../arm-none-eabi/lib/thumb/v7e-m+dp/hard/libc_nano.a(lib_a-malloc.o)
                0x000000000800d670                malloc
 .text.free     0x000000000800d680       0x10 /usr/local/Cellar/arm-none-eabi-gcc/9-2019-q4-major/gcc/bin/../lib/gcc/arm-none-eabi/9.2.1/../../../../arm-none-eabi/lib/thumb/v7e-m+dp/hard/libc_nano.a(lib_a-malloc.o)
                0x000000000800d680                free
 .text.memcpy   0x000000000800d690       0x1c /usr/local/Cellar/arm-none-eabi-gcc/9-2019-q4-major/gcc/bin/../lib/gcc/arm-none-eabi/9.2.1/../../../../arm-none-eabi/lib/thumb/v7e-m+dp/hard/libc_nano.a(lib_a-memcpy-stub.o)
                0x000000000800d690                memcpy
 .text.memset   0x000000000800d6ac       0x10 /usr/local/Cellar/arm-none-eabi-gcc/9-2019-q4-major/gcc/bin/../lib/gcc/arm-none-eabi/9.2.1/../../../../arm-none-eabi/lib/thumb/v7e-m+dp/hard/libc_nano.a(lib_a-memset.o)
                0x000000000800d6ac                memset
 .text._free_r  0x000000000800d6bc       0xa0 /usr/local/Cellar/arm-none-eabi-gcc/9-2019-q4-major/gcc/bin/../lib/gcc/arm-none-eabi/9.2.1/../../../../arm-none-eabi/lib/thumb/v7e-m+dp/hard/libc_nano.a(lib_a-nano-freer.o)
                0x000000000800d6bc                _free_r
 .text._malloc_r
                0x000000000800d75c       0xb4 /usr/local/Cellar/arm-none-eabi-gcc/9-2019-q4-major/gcc/bin/../lib/gcc/arm-none-eabi/9.2.1/../../../../arm-none-eabi/lib/thumb/v7e-m+dp/hard/libc_nano.a(lib_a-nano-mallocr.o)
                0x000000000800d75c                _malloc_r
 .text._sbrk_r  0x000000000800d810       0x20 /usr/local/Cellar/arm-none-eabi-gcc/9-2019-q4-major/gcc/bin/../lib/gcc/arm-none-eabi/9.2.1/../../../../arm-none-eabi/lib/thumb/v7e-m+dp/hard/libc_nano.a(lib_a-sbrkr.o)
                0x000000000800d810                _sbrk_r
 .text._raise_r
                0x000000000800d830       0x50 /usr/local/Cellar/arm-none-eabi-gcc/9-2019-q4-major/gcc/bin/../lib/gcc/arm-none-eabi/9.2.1/../../../../arm-none-eabi/lib/thumb/v7e-m+dp/hard/libc_nano.a(lib_a-signal.o)
                0x000000000800d830                _raise_r
 .text.raise    0x000000000800d880       0x10 /usr/local/Cellar/arm-none-eabi-gcc/9-2019-q4-major/gcc/bin/../lib/gcc/arm-none-eabi/9.2.1/../../../../arm-none-eabi/lib/thumb/v7e-m+dp/hard/libc_nano.a(lib_a-signal.o)
                0x000000000800d880                raise
 .text._kill_r  0x000000000800d890       0x24 /usr/local/Cellar/arm-none-eabi-gcc/9-2019-q4-major/gcc/bin/../lib/gcc/arm-none-eabi/9.2.1/../../../../arm-none-eabi/lib/thumb/v7e-m+dp/hard/libc_nano.a(lib_a-signalr.o)
                0x000000000800d890                _kill_r
 .text._getpid_r
                0x000000000800d8b4        0x4 /usr/local/Cellar/arm-none-eabi-gcc/9-2019-q4-major/gcc/bin/../lib/gcc/arm-none-eabi/9.2.1/../../../../arm-none-eabi/lib/thumb/v7e-m+dp/hard/libc_nano.a(lib_a-signalr.o)
                0x000000000800d8b4                _getpid_r
 .text.__malloc_lock
                0x000000000800d8b8        0xc /usr/local/Cellar/arm-none-eabi-gcc/9-2019-q4-major/gcc/bin/../lib/gcc/arm-none-eabi/9.2.1/../../../../arm-none-eabi/lib/thumb/v7e-m+dp/hard/libc_nano.a(lib_a-mlock.o)
                0x000000000800d8b8                __malloc_lock
 .text.__malloc_unlock
                0x000000000800d8c4        0xc /usr/local/Cellar/arm-none-eabi-gcc/9-2019-q4-major/gcc/bin/../lib/gcc/arm-none-eabi/9.2.1/../../../../arm-none-eabi/lib/thumb/v7e-m+dp/hard/libc_nano.a(lib_a-mlock.o)
                0x000000000800d8c4                __malloc_unlock
 .text.__retarget_lock_acquire_recursive
                0x000000000800d8d0        0x2 /usr/local/Cellar/arm-none-eabi-gcc/9-2019-q4-major/gcc/bin/../lib/gcc/arm-none-eabi/9.2.1/../../../../arm-none-eabi/lib/thumb/v7e-m+dp/hard/libc_nano.a(lib_a-lock.o)
                0x000000000800d8d0                __retarget_lock_acquire_recursive
 .text.__retarget_lock_release_recursive
                0x000000000800d8d2        0x2 /usr/local/Cellar/arm-none-eabi-gcc/9-2019-q4-major/gcc/bin/../lib/gcc/arm-none-eabi/9.2.1/../../../../arm-none-eabi/lib/thumb/v7e-m+dp/hard/libc_nano.a(lib_a-lock.o)
                0x000000000800d8d2                __retarget_lock_release_recursive
 .text._getpid  0x000000000800d8d4       0x10 /usr/local/Cellar/arm-none-eabi-gcc/9-2019-q4-major/gcc/bin/../lib/gcc/arm-none-eabi/9.2.1/../../../../arm-none-eabi/lib/thumb/v7e-m+dp/hard/libnosys.a(getpid.o)
                0x000000000800d8d4                _getpid
 .text._kill    0x000000000800d8e4       0x10 /usr/local/Cellar/arm-none-eabi-gcc/9-2019-q4-major/gcc/bin/../lib/gcc/arm-none-eabi/9.2.1/../../../../arm-none-eabi/lib/thumb/v7e-m+dp/hard/libnosys.a(kill.o)
                0x000000000800d8e4                _kill
 .text._sbrk    0x000000000800d8f4       0x1c /usr/local/Cellar/arm-none-eabi-gcc/9-2019-q4-major/gcc/bin/../lib/gcc/arm-none-eabi/9.2.1/../../../../arm-none-eabi/lib/thumb/v7e-m+dp/hard/libnosys.a(sbrk.o)
                0x000000000800d8f4                _sbrk
 .text._exit    0x000000000800d910        0x4 /usr/local/Cellar/arm-none-eabi-gcc/9-2019-q4-major/gcc/bin/../lib/gcc/arm-none-eabi/9.2.1/../../../../arm-none-eabi/lib/thumb/v7e-m+dp/hard/libnosys.a(_exit.o)
                0x000000000800d910                _exit
 *(.rodata)
 .rodata        0x000000000800d914        0x6 build/TranceGate.o
 *fill*         0x000000000800d91a        0x2 
 .rodata        0x000000000800d91c       0x18 ../../libdaisy//build/libdaisy.a(spi.o)
 .rodata        0x000000000800d934       0x36 ../../libdaisy//build/libdaisy.a(uart.o)
 *fill*         0x000000000800d96a        0x2 
 .rodata        0x000000000800d96c        0x8 ../../libdaisy//build/libdaisy.a(stm32h7xx_hal_uart_ex.o)
 .rodata        0x000000000800d974       0x10 ../../libdaisy//build/libdaisy.a(tim.o)
 *(.rodata*)
 .rodata._Z14UpdateControlsv.str1.4
                0x000000000800d984       0x4a build/TranceGate.o
 *fill*         0x000000000800d9ce        0x2 
 .rodata.C.8.77825
                0x000000000800d9d0       0x1c build/TranceGate.o
 .rodata._ZL8seedgpio
                0x000000000800d9ec       0x3e ../../libdaisy//build/libdaisy.a(daisy_seed.o)
 *fill*         0x000000000800da2a        0x2 
 .rodata._ZL16dsy_adc_rank_map
                0x000000000800da2c       0x40 ../../libdaisy//build/libdaisy.a(adc.o)
 .rodata.HAL_QSPI_MspInit.str1.4
                0x000000000800da6c        0x7 ../../libdaisy//build/libdaisy.a(qspi.o)
 *fill*         0x000000000800da73        0x1 
 .rodata.CSWTCH.33
                0x000000000800da74        0x3 ../../libdaisy//build/libdaisy.a(sai.o)
 *fill*         0x000000000800da77        0x1 
 .rodata.CSWTCH.34
                0x000000000800da78        0xc ../../libdaisy//build/libdaisy.a(sai.o)
 .rodata.CSWTCH.41
                0x000000000800da84       0x14 ../../libdaisy//build/libdaisy.a(sai.o)
 .rodata.CSWTCH.29
                0x000000000800da98       0x18 ../../libdaisy//build/libdaisy.a(spi.o)
 .rodata.CSWTCH.30
                0x000000000800dab0        0xc ../../libdaisy//build/libdaisy.a(spi.o)
 .rodata._ZL13pins_none_spi
                0x000000000800dabc        0x3 ../../libdaisy//build/libdaisy.a(spi.o)
 *fill*         0x000000000800dabf        0x1 
 .rodata._ZL16pins_periphs_spi
                0x000000000800dac0       0x60 ../../libdaisy//build/libdaisy.a(spi.o)
 .rodata.CSWTCH.63
                0x000000000800db20       0x24 ../../libdaisy//build/libdaisy.a(uart.o)
 .rodata.CSWTCH.64
                0x000000000800db44        0xc ../../libdaisy//build/libdaisy.a(uart.o)
 .rodata.CSWTCH.65
                0x000000000800db50       0x10 ../../libdaisy//build/libdaisy.a(uart.o)
 .rodata.CSWTCH.66
                0x000000000800db60        0xc ../../libdaisy//build/libdaisy.a(uart.o)
 .rodata.D1CorePrescTable
                0x000000000800db6c       0x10 ../../libdaisy//build/libdaisy.a(system_stm32h7xx.o)
                0x000000000800db6c                D1CorePrescTable
 .rodata.gpio_hal_pin_map
                0x000000000800db7c       0x20 ../../libdaisy//build/libdaisy.a(hal_map.o)
 .rodata.gpio_hal_port_map
                0x000000000800db9c       0x30 ../../libdaisy//build/libdaisy.a(hal_map.o)
 .rodata.flagBitshiftOffset.17899
                0x000000000800dbcc        0x8 ../../libdaisy//build/libdaisy.a(stm32h7xx_hal_dma.o)
 .rodata.CSWTCH.418
                0x000000000800dbd4       0x29 ../../libdaisy//build/libdaisy.a(stm32h7xx_hal_uart.o)
 *fill*         0x000000000800dbfd        0x3 
 .rodata.CSWTCH.419
                0x000000000800dc00        0x6 ../../libdaisy//build/libdaisy.a(stm32h7xx_hal_uart.o)
 *fill*         0x000000000800dc06        0x2 
 .rodata.CSWTCH.426
                0x000000000800dc08        0x6 ../../libdaisy//build/libdaisy.a(stm32h7xx_hal_uart.o)
 *fill*         0x000000000800dc0e        0x2 
 .rodata.HAL_UARTEx_EnableFifoMode.str1.4
                0x000000000800dc10        0x9 ../../libdaisy//build/libdaisy.a(stm32h7xx_hal_uart_ex.o)
 .rodata._ZN9__gnu_cxx26__throw_insufficient_spaceEPKcS1_.str1.1
                0x000000000800dc19       0x69 /usr/local/Cellar/arm-none-eabi-gcc/9-2019-q4-major/gcc/bin/../lib/gcc/arm-none-eabi/9.2.1/../../../../arm-none-eabi/lib/thumb/v7e-m+dp/hard/libstdc++_nano.a(snprintf_lite.o)
 .rodata._ZN9__gnu_cxx15__concat_size_tEPcjj.str1.1
                0x000000000800dc82        0xb /usr/local/Cellar/arm-none-eabi-gcc/9-2019-q4-major/gcc/bin/../lib/gcc/arm-none-eabi/9.2.1/../../../../arm-none-eabi/lib/thumb/v7e-m+dp/hard/libstdc++_nano.a(snprintf_lite.o)
 *(.glue_7)
 .glue_7        0x000000000800dc8d        0x0 linker stubs
 *(.glue_7t)
 .glue_7t       0x000000000800dc8d        0x0 linker stubs
 *(.init)
 *fill*         0x000000000800dc8d        0x3 
 .init          0x000000000800dc90        0x4 /usr/local/Cellar/arm-none-eabi-gcc/9-2019-q4-major/gcc/bin/../lib/gcc/arm-none-eabi/9.2.1/thumb/v7e-m+dp/hard/crti.o
                0x000000000800dc90                _init
 .init          0x000000000800dc94        0x8 /usr/local/Cellar/arm-none-eabi-gcc/9-2019-q4-major/gcc/bin/../lib/gcc/arm-none-eabi/9.2.1/thumb/v7e-m+dp/hard/crtn.o
 *(.fini)
 .fini          0x000000000800dc9c        0x4 /usr/local/Cellar/arm-none-eabi-gcc/9-2019-q4-major/gcc/bin/../lib/gcc/arm-none-eabi/9.2.1/thumb/v7e-m+dp/hard/crti.o
                0x000000000800dc9c                _fini
 .fini          0x000000000800dca0        0x8 /usr/local/Cellar/arm-none-eabi-gcc/9-2019-q4-major/gcc/bin/../lib/gcc/arm-none-eabi/9.2.1/thumb/v7e-m+dp/hard/crtn.o
                0x000000000800dca8                . = ALIGN (0x4)
                0x000000000800dca8                _etext = .

.eh_frame       0x000000000800dca8        0x0
 .eh_frame      0x000000000800dca8        0x0 /usr/local/Cellar/arm-none-eabi-gcc/9-2019-q4-major/gcc/bin/../lib/gcc/arm-none-eabi/9.2.1/thumb/v7e-m+dp/hard/crtbegin.o

.vfp11_veneer   0x000000000800dca8        0x0
 .vfp11_veneer  0x000000000800dca8        0x0 linker stubs

.v4_bx          0x000000000800dca8        0x0
 .v4_bx         0x000000000800dca8        0x0 linker stubs

.iplt           0x000000000800dca8        0x0
 .iplt          0x000000000800dca8        0x0 /usr/local/Cellar/arm-none-eabi-gcc/9-2019-q4-major/gcc/bin/../lib/gcc/arm-none-eabi/9.2.1/thumb/v7e-m+dp/hard/crtbegin.o

.ARM.extab      0x000000000800dca8        0x0
                0x000000000800dca8                . = ALIGN (0x4)
 *(.ARM.extab)
 *(.gnu.linkonce.armextab.*)
                0x000000000800dca8                . = ALIGN (0x4)

.exidx          0x000000000800dca8        0x8
                0x000000000800dca8                . = ALIGN (0x4)
                [!provide]                        PROVIDE (__exidx_start = .)
 *(.ARM.exidx*)
 .ARM.exidx     0x000000000800dca8        0x8 /usr/local/Cellar/arm-none-eabi-gcc/9-2019-q4-major/gcc/bin/../lib/gcc/arm-none-eabi/9.2.1/thumb/v7e-m+dp/hard/libgcc.a(_udivmoddi4.o)
                0x000000000800dcb0                . = ALIGN (0x4)
                [!provide]                        PROVIDE (__exidx_end = .)

.rel.dyn        0x000000000800dcb0        0x0
 .rel.iplt      0x000000000800dcb0        0x0 /usr/local/Cellar/arm-none-eabi-gcc/9-2019-q4-major/gcc/bin/../lib/gcc/arm-none-eabi/9.2.1/thumb/v7e-m+dp/hard/crtbegin.o

.ARM.attributes
                0x000000000800dcb0       0x2e
 *(.ARM.attributes)
 .ARM.attributes
                0x000000000800dcb0       0x1e /usr/local/Cellar/arm-none-eabi-gcc/9-2019-q4-major/gcc/bin/../lib/gcc/arm-none-eabi/9.2.1/thumb/v7e-m+dp/hard/crti.o
 .ARM.attributes
                0x000000000800dcce       0x32 /usr/local/Cellar/arm-none-eabi-gcc/9-2019-q4-major/gcc/bin/../lib/gcc/arm-none-eabi/9.2.1/thumb/v7e-m+dp/hard/crtbegin.o
 .ARM.attributes
                0x000000000800dd00       0x32 build/startup_stm32h750xx.o
 .ARM.attributes
                0x000000000800dd32       0x32 build/TranceGate.o
 .ARM.attributes
                0x000000000800dd64       0x32 ../../libdaisy//build/libdaisy.a(daisy_patch.o)
 .ARM.attributes
                0x000000000800dd96       0x32 ../../libdaisy//build/libdaisy.a(daisy_seed.o)
 .ARM.attributes
                0x000000000800ddc8       0x32 ../../libdaisy//build/libdaisy.a(codec_ak4556.o)
 .ARM.attributes
                0x000000000800ddfa       0x32 ../../libdaisy//build/libdaisy.a(sdram.o)
 .ARM.attributes
                0x000000000800de2c       0x32 ../../libdaisy//build/libdaisy.a(audio.o)
 .ARM.attributes
                0x000000000800de5e       0x32 ../../libdaisy//build/libdaisy.a(ctrl.o)
 .ARM.attributes
                0x000000000800de90       0x32 ../../libdaisy//build/libdaisy.a(encoder.o)
 .ARM.attributes
                0x000000000800dec2       0x32 ../../libdaisy//build/libdaisy.a(gatein.o)
 .ARM.attributes
                0x000000000800def4       0x32 ../../libdaisy//build/libdaisy.a(switch.o)
 .ARM.attributes
                0x000000000800df26       0x32 ../../libdaisy//build/libdaisy.a(adc.o)
 .ARM.attributes
                0x000000000800df58       0x32 ../../libdaisy//build/libdaisy.a(dac.o)
 .ARM.attributes
                0x000000000800df8a       0x32 ../../libdaisy//build/libdaisy.a(gpio.o)
 .ARM.attributes
                0x000000000800dfbc       0x32 ../../libdaisy//build/libdaisy.a(qspi.o)
 .ARM.attributes
                0x000000000800dfee       0x32 ../../libdaisy//build/libdaisy.a(sai.o)
 .ARM.attributes
                0x000000000800e020       0x32 ../../libdaisy//build/libdaisy.a(spi.o)
 .ARM.attributes
                0x000000000800e052       0x32 ../../libdaisy//build/libdaisy.a(uart.o)
 .ARM.attributes
                0x000000000800e084       0x32 ../../libdaisy//build/libdaisy.a(system.o)
 .ARM.attributes
                0x000000000800e0b6       0x32 ../../libdaisy//build/libdaisy.a(system_stm32h7xx.o)
 .ARM.attributes
                0x000000000800e0e8       0x32 ../../libdaisy//build/libdaisy.a(hal_map.o)
 .ARM.attributes
                0x000000000800e11a       0x32 ../../libdaisy//build/libdaisy.a(stm32h7xx_hal.o)
 .ARM.attributes
                0x000000000800e14c       0x32 ../../libdaisy//build/libdaisy.a(stm32h7xx_hal_adc.o)
 .ARM.attributes
                0x000000000800e17e       0x32 ../../libdaisy//build/libdaisy.a(stm32h7xx_hal_adc_ex.o)
 .ARM.attributes
                0x000000000800e1b0       0x32 ../../libdaisy//build/libdaisy.a(stm32h7xx_hal_cortex.o)
 .ARM.attributes
                0x000000000800e1e2       0x32 ../../libdaisy//build/libdaisy.a(stm32h7xx_hal_dac.o)
 .ARM.attributes
                0x000000000800e214       0x32 ../../libdaisy//build/libdaisy.a(stm32h7xx_hal_dac_ex.o)
 .ARM.attributes
                0x000000000800e246       0x32 ../../libdaisy//build/libdaisy.a(stm32h7xx_hal_dma.o)
 .ARM.attributes
                0x000000000800e278       0x32 ../../libdaisy//build/libdaisy.a(stm32h7xx_hal_gpio.o)
 .ARM.attributes
                0x000000000800e2aa       0x32 ../../libdaisy//build/libdaisy.a(stm32h7xx_hal_pwr_ex.o)
 .ARM.attributes
                0x000000000800e2dc       0x32 ../../libdaisy//build/libdaisy.a(stm32h7xx_hal_qspi.o)
 .ARM.attributes
                0x000000000800e30e       0x32 ../../libdaisy//build/libdaisy.a(stm32h7xx_hal_rcc.o)
 .ARM.attributes
                0x000000000800e340       0x32 ../../libdaisy//build/libdaisy.a(stm32h7xx_hal_rcc_ex.o)
 .ARM.attributes
                0x000000000800e372       0x32 ../../libdaisy//build/libdaisy.a(stm32h7xx_hal_sai.o)
 .ARM.attributes
                0x000000000800e3a4       0x32 ../../libdaisy//build/libdaisy.a(stm32h7xx_hal_sdram.o)
 .ARM.attributes
                0x000000000800e3d6       0x32 ../../libdaisy//build/libdaisy.a(stm32h7xx_hal_spi.o)
 .ARM.attributes
                0x000000000800e408       0x32 ../../libdaisy//build/libdaisy.a(stm32h7xx_hal_tim.o)
 .ARM.attributes
                0x000000000800e43a       0x32 ../../libdaisy//build/libdaisy.a(stm32h7xx_hal_tim_ex.o)
 .ARM.attributes
                0x000000000800e46c       0x32 ../../libdaisy//build/libdaisy.a(stm32h7xx_hal_uart.o)
 .ARM.attributes
                0x000000000800e49e       0x32 ../../libdaisy//build/libdaisy.a(stm32h7xx_hal_uart_ex.o)
 .ARM.attributes
                0x000000000800e4d0       0x32 ../../libdaisy//build/libdaisy.a(stm32h7xx_ll_fmc.o)
 .ARM.attributes
                0x000000000800e502       0x32 ../../libdaisy//build/libdaisy.a(i2c.o)
 .ARM.attributes
                0x000000000800e534       0x32 ../../libdaisy//build/libdaisy.a(tim.o)
 .ARM.attributes
                0x000000000800e566       0x32 ../../libdaisy//build/libdaisy.a(dma.o)
 .ARM.attributes
                0x000000000800e598       0x32 ../../libdaisy//build/libdaisy.a(stm32h7xx_hal_i2c.o)
 .ARM.attributes
                0x000000000800e5ca       0x32 ../../libdaisy//build/libdaisy.a(stm32h7xx_hal_mdma.o)
 .ARM.attributes
                0x000000000800e5fc       0x32 /usr/local/Cellar/arm-none-eabi-gcc/9-2019-q4-major/gcc/bin/../lib/gcc/arm-none-eabi/9.2.1/../../../../arm-none-eabi/lib/thumb/v7e-m+dp/hard/libstdc++_nano.a(atexit_arm.o)
 .ARM.attributes
                0x000000000800e62e       0x32 /usr/local/Cellar/arm-none-eabi-gcc/9-2019-q4-major/gcc/bin/../lib/gcc/arm-none-eabi/9.2.1/../../../../arm-none-eabi/lib/thumb/v7e-m+dp/hard/libstdc++_nano.a(del_op.o)
 .ARM.attributes
                0x000000000800e660       0x32 /usr/local/Cellar/arm-none-eabi-gcc/9-2019-q4-major/gcc/bin/../lib/gcc/arm-none-eabi/9.2.1/../../../../arm-none-eabi/lib/thumb/v7e-m+dp/hard/libstdc++_nano.a(new_op.o)
 .ARM.attributes
                0x000000000800e692       0x32 /usr/local/Cellar/arm-none-eabi-gcc/9-2019-q4-major/gcc/bin/../lib/gcc/arm-none-eabi/9.2.1/../../../../arm-none-eabi/lib/thumb/v7e-m+dp/hard/libstdc++_nano.a(functexcept.o)
 .ARM.attributes
                0x000000000800e6c4       0x32 /usr/local/Cellar/arm-none-eabi-gcc/9-2019-q4-major/gcc/bin/../lib/gcc/arm-none-eabi/9.2.1/../../../../arm-none-eabi/lib/thumb/v7e-m+dp/hard/libstdc++_nano.a(snprintf_lite.o)
 .ARM.attributes
                0x000000000800e6f6       0x32 /usr/local/Cellar/arm-none-eabi-gcc/9-2019-q4-major/gcc/bin/../lib/gcc/arm-none-eabi/9.2.1/../../../../arm-none-eabi/lib/thumb/v7e-m+dp/hard/libstdc++_nano.a(new_handler.o)
 .ARM.attributes
                0x000000000800e728       0x32 /usr/local/Cellar/arm-none-eabi-gcc/9-2019-q4-major/gcc/bin/../lib/gcc/arm-none-eabi/9.2.1/../../../../arm-none-eabi/lib/thumb/v7e-m+dp/hard/libm.a(lib_a-sf_modf.o)
 .ARM.attributes
                0x000000000800e75a       0x32 /usr/local/Cellar/arm-none-eabi-gcc/9-2019-q4-major/gcc/bin/../lib/gcc/arm-none-eabi/9.2.1/../../../../arm-none-eabi/lib/thumb/v7e-m+dp/hard/libc_nano.a(lib_a-abort.o)
 .ARM.attributes
                0x000000000800e78c       0x32 /usr/local/Cellar/arm-none-eabi-gcc/9-2019-q4-major/gcc/bin/../lib/gcc/arm-none-eabi/9.2.1/../../../../arm-none-eabi/lib/thumb/v7e-m+dp/hard/libc_nano.a(lib_a-cxa_atexit.o)
 .ARM.attributes
                0x000000000800e7be       0x30 /usr/local/Cellar/arm-none-eabi-gcc/9-2019-q4-major/gcc/bin/../lib/gcc/arm-none-eabi/9.2.1/../../../../arm-none-eabi/lib/thumb/v7e-m+dp/hard/libc_nano.a(lib_a-impure.o)
 .ARM.attributes
                0x000000000800e7ee       0x32 /usr/local/Cellar/arm-none-eabi-gcc/9-2019-q4-major/gcc/bin/../lib/gcc/arm-none-eabi/9.2.1/../../../../arm-none-eabi/lib/thumb/v7e-m+dp/hard/libc_nano.a(lib_a-init.o)
 .ARM.attributes
                0x000000000800e820       0x32 /usr/local/Cellar/arm-none-eabi-gcc/9-2019-q4-major/gcc/bin/../lib/gcc/arm-none-eabi/9.2.1/../../../../arm-none-eabi/lib/thumb/v7e-m+dp/hard/libc_nano.a(lib_a-malloc.o)
 .ARM.attributes
                0x000000000800e852       0x32 /usr/local/Cellar/arm-none-eabi-gcc/9-2019-q4-major/gcc/bin/../lib/gcc/arm-none-eabi/9.2.1/../../../../arm-none-eabi/lib/thumb/v7e-m+dp/hard/libc_nano.a(lib_a-memcpy-stub.o)
 .ARM.attributes
                0x000000000800e884       0x32 /usr/local/Cellar/arm-none-eabi-gcc/9-2019-q4-major/gcc/bin/../lib/gcc/arm-none-eabi/9.2.1/../../../../arm-none-eabi/lib/thumb/v7e-m+dp/hard/libc_nano.a(lib_a-memset.o)
 .ARM.attributes
                0x000000000800e8b6       0x32 /usr/local/Cellar/arm-none-eabi-gcc/9-2019-q4-major/gcc/bin/../lib/gcc/arm-none-eabi/9.2.1/../../../../arm-none-eabi/lib/thumb/v7e-m+dp/hard/libc_nano.a(lib_a-nano-freer.o)
 .ARM.attributes
                0x000000000800e8e8       0x32 /usr/local/Cellar/arm-none-eabi-gcc/9-2019-q4-major/gcc/bin/../lib/gcc/arm-none-eabi/9.2.1/../../../../arm-none-eabi/lib/thumb/v7e-m+dp/hard/libc_nano.a(lib_a-nano-mallocr.o)
 .ARM.attributes
                0x000000000800e91a       0x32 /usr/local/Cellar/arm-none-eabi-gcc/9-2019-q4-major/gcc/bin/../lib/gcc/arm-none-eabi/9.2.1/../../../../arm-none-eabi/lib/thumb/v7e-m+dp/hard/libc_nano.a(lib_a-sbrkr.o)
 .ARM.attributes
                0x000000000800e94c       0x32 /usr/local/Cellar/arm-none-eabi-gcc/9-2019-q4-major/gcc/bin/../lib/gcc/arm-none-eabi/9.2.1/../../../../arm-none-eabi/lib/thumb/v7e-m+dp/hard/libc_nano.a(lib_a-signal.o)
 .ARM.attributes
                0x000000000800e97e       0x32 /usr/local/Cellar/arm-none-eabi-gcc/9-2019-q4-major/gcc/bin/../lib/gcc/arm-none-eabi/9.2.1/../../../../arm-none-eabi/lib/thumb/v7e-m+dp/hard/libc_nano.a(lib_a-signalr.o)
 .ARM.attributes
                0x000000000800e9b0       0x17 /usr/local/Cellar/arm-none-eabi-gcc/9-2019-q4-major/gcc/bin/../lib/gcc/arm-none-eabi/9.2.1/../../../../arm-none-eabi/lib/thumb/v7e-m+dp/hard/libc_nano.a(lib_a-strlen.o)
 .ARM.attributes
                0x000000000800e9c7       0x32 /usr/local/Cellar/arm-none-eabi-gcc/9-2019-q4-major/gcc/bin/../lib/gcc/arm-none-eabi/9.2.1/../../../../arm-none-eabi/lib/thumb/v7e-m+dp/hard/libc_nano.a(lib_a-mlock.o)
 .ARM.attributes
                0x000000000800e9f9       0x32 /usr/local/Cellar/arm-none-eabi-gcc/9-2019-q4-major/gcc/bin/../lib/gcc/arm-none-eabi/9.2.1/../../../../arm-none-eabi/lib/thumb/v7e-m+dp/hard/libc_nano.a(lib_a-reent.o)
 .ARM.attributes
                0x000000000800ea2b       0x32 /usr/local/Cellar/arm-none-eabi-gcc/9-2019-q4-major/gcc/bin/../lib/gcc/arm-none-eabi/9.2.1/../../../../arm-none-eabi/lib/thumb/v7e-m+dp/hard/libc_nano.a(lib_a-lock.o)
 .ARM.attributes
                0x000000000800ea5d       0x1e /usr/local/Cellar/arm-none-eabi-gcc/9-2019-q4-major/gcc/bin/../lib/gcc/arm-none-eabi/9.2.1/thumb/v7e-m+dp/hard/libgcc.a(_aeabi_uldivmod.o)
 .ARM.attributes
                0x000000000800ea7b       0x32 /usr/local/Cellar/arm-none-eabi-gcc/9-2019-q4-major/gcc/bin/../lib/gcc/arm-none-eabi/9.2.1/thumb/v7e-m+dp/hard/libgcc.a(_udivmoddi4.o)
 .ARM.attributes
                0x000000000800eaad       0x1e /usr/local/Cellar/arm-none-eabi-gcc/9-2019-q4-major/gcc/bin/../lib/gcc/arm-none-eabi/9.2.1/thumb/v7e-m+dp/hard/libgcc.a(_dvmd_tls.o)
 .ARM.attributes
                0x000000000800eacb       0x32 /usr/local/Cellar/arm-none-eabi-gcc/9-2019-q4-major/gcc/bin/../lib/gcc/arm-none-eabi/9.2.1/../../../../arm-none-eabi/lib/thumb/v7e-m+dp/hard/libnosys.a(getpid.o)
 .ARM.attributes
                0x000000000800eafd       0x32 /usr/local/Cellar/arm-none-eabi-gcc/9-2019-q4-major/gcc/bin/../lib/gcc/arm-none-eabi/9.2.1/../../../../arm-none-eabi/lib/thumb/v7e-m+dp/hard/libnosys.a(kill.o)
 .ARM.attributes
                0x000000000800eb2f       0x32 /usr/local/Cellar/arm-none-eabi-gcc/9-2019-q4-major/gcc/bin/../lib/gcc/arm-none-eabi/9.2.1/../../../../arm-none-eabi/lib/thumb/v7e-m+dp/hard/libnosys.a(sbrk.o)
 .ARM.attributes
                0x000000000800eb61       0x32 /usr/local/Cellar/arm-none-eabi-gcc/9-2019-q4-major/gcc/bin/../lib/gcc/arm-none-eabi/9.2.1/../../../../arm-none-eabi/lib/thumb/v7e-m+dp/hard/libnosys.a(_exit.o)
 .ARM.attributes
                0x000000000800eb93       0x1e /usr/local/Cellar/arm-none-eabi-gcc/9-2019-q4-major/gcc/bin/../lib/gcc/arm-none-eabi/9.2.1/thumb/v7e-m+dp/hard/crtn.o

.preinit_array  0x000000000800dcb0        0x0
                0x000000000800dcb0                PROVIDE (__preinit_array_start = .)
 *(.preinit_array*)
                0x000000000800dcb0                PROVIDE (__preinit_array_end = .)

.init_array     0x000000000800dcb0       0x1c
                0x000000000800dcb0                PROVIDE (__init_array_start = .)
 *(SORT_BY_NAME(.init_array.*))
 *(.init_array*)
 .init_array    0x000000000800dcb0        0x4 /usr/local/Cellar/arm-none-eabi-gcc/9-2019-q4-major/gcc/bin/../lib/gcc/arm-none-eabi/9.2.1/thumb/v7e-m+dp/hard/crtbegin.o
 .init_array    0x000000000800dcb4        0x4 build/TranceGate.o
 .init_array    0x000000000800dcb8        0x4 ../../libdaisy//build/libdaisy.a(audio.o)
 .init_array    0x000000000800dcbc        0x4 ../../libdaisy//build/libdaisy.a(spi.o)
 .init_array    0x000000000800dcc0        0x4 ../../libdaisy//build/libdaisy.a(uart.o)
 .init_array    0x000000000800dcc4        0x4 ../../libdaisy//build/libdaisy.a(system.o)
 .init_array    0x000000000800dcc8        0x4 ../../libdaisy//build/libdaisy.a(i2c.o)
                0x000000000800dccc                PROVIDE (__init_array_end = .)
